Archive member included to satisfy reference by file (symbol)

/home/kinganseam/.config/Code/User/globalStorage/vexrobotics.vexcode/sdk/cpp/IQ2/IQ2_20250520_15_00_00/vexiq2/libviq2rt.a(iq2_startup.c.o)
                              (vexStartup)
/home/kinganseam/.config/Code/User/globalStorage/vexrobotics.vexcode/sdk/cpp/IQ2/IQ2_20250520_15_00_00/vexiq2/libviq2rt.a(iq2_apijump.c.o)
                              /home/kinganseam/.config/Code/User/globalStorage/vexrobotics.vexcode/sdk/cpp/IQ2/IQ2_20250520_15_00_00/vexiq2/libviq2rt.a(iq2_startup.c.o) (vexTaskAdd)
/home/kinganseam/.config/Code/User/globalStorage/vexrobotics.vexcode/sdk/cpp/IQ2/IQ2_20250520_15_00_00/vexiq2/libviq2rt.a(iq2_apiversions.c.o)
                              /home/kinganseam/.config/Code/User/globalStorage/vexrobotics.vexcode/sdk/cpp/IQ2/IQ2_20250520_15_00_00/vexiq2/libviq2rt.a(iq2_apijump.c.o) (vexSystemVersion)
/home/kinganseam/.config/Code/User/globalStorage/vexrobotics.vexcode/sdk/cpp/IQ2/IQ2_20250520_15_00_00/vexiq2/libviq2rt.a(vex_global.cpp.o)
                              build/src/main.o (vex::wait(double, vex::timeUnits))
/home/kinganseam/.config/Code/User/globalStorage/vexrobotics.vexcode/sdk/cpp/IQ2/IQ2_20250520_15_00_00/vexiq2/libviq2rt.a(vex_color.cpp.o)
                              build/src/main.o (vex::color::~color())
/home/kinganseam/.config/Code/User/globalStorage/vexrobotics.vexcode/sdk/cpp/IQ2/IQ2_20250520_15_00_00/vexiq2/libviq2rt.a(vex_thread.cpp.o)
                              /home/kinganseam/.config/Code/User/globalStorage/vexrobotics.vexcode/sdk/cpp/IQ2/IQ2_20250520_15_00_00/vexiq2/libviq2rt.a(vex_global.cpp.o) (vex::this_thread::sleep_for(unsigned long))
/home/kinganseam/.config/Code/User/globalStorage/vexrobotics.vexcode/sdk/cpp/IQ2/IQ2_20250520_15_00_00/vexiq2/libviq2rt.a(vex_brain.cpp.o)
                              build/src/main.o (vex::brain::~brain())
/home/kinganseam/.config/Code/User/globalStorage/vexrobotics.vexcode/sdk/cpp/IQ2/IQ2_20250520_15_00_00/vexiq2/libviq2rt.a(vex_timer.cpp.o)
                              /home/kinganseam/.config/Code/User/globalStorage/vexrobotics.vexcode/sdk/cpp/IQ2/IQ2_20250520_15_00_00/vexiq2/libviq2rt.a(vex_brain.cpp.o) (vex::timer::~timer())
/home/kinganseam/.config/Code/User/globalStorage/vexrobotics.vexcode/sdk/cpp/IQ2/IQ2_20250520_15_00_00/vexiq2/libviq2rt.a(vex_bumper.cpp.o)
                              build/src/main.o (vex::bumper::bumper(long))
/home/kinganseam/.config/Code/User/globalStorage/vexrobotics.vexcode/sdk/cpp/IQ2/IQ2_20250520_15_00_00/vexiq2/libviq2rt.a(vex_motor.cpp.o)
                              build/src/main.o (vex::motor::~motor())
/home/kinganseam/.config/Code/User/globalStorage/vexrobotics.vexcode/sdk/cpp/IQ2/IQ2_20250520_15_00_00/vexiq2/libviq2rt.a(vex_touchled.cpp.o)
                              build/src/main.o (vex::touchled::touchled(long))
/home/kinganseam/.config/Code/User/globalStorage/vexrobotics.vexcode/sdk/cpp/IQ2/IQ2_20250520_15_00_00/vexiq2/libviq2rt.a(vex_imu.cpp.o)
                              build/src/main.o (vex::inertial::~inertial())
/home/kinganseam/.config/Code/User/globalStorage/vexrobotics.vexcode/sdk/cpp/IQ2/IQ2_20250520_15_00_00/vexiq2/libviq2rt.a(vex_distance.cpp.o)
                              build/src/main.o (vex::distance::distance(long))
/home/kinganseam/.config/Code/User/globalStorage/vexrobotics.vexcode/sdk/cpp/IQ2/IQ2_20250520_15_00_00/vexiq2/libviq2rt.a(vex_optical.cpp.o)
                              build/src/main.o (vex::optical::~optical())
/home/kinganseam/.config/Code/User/globalStorage/vexrobotics.vexcode/sdk/cpp/IQ2/IQ2_20250520_15_00_00/vexiq2/libviq2rt.a(vex_drivetrain.cpp.o)
                              build/src/main.o (vex::drivetrain::stop())
/home/kinganseam/.config/Code/User/globalStorage/vexrobotics.vexcode/sdk/cpp/IQ2/IQ2_20250520_15_00_00/vexiq2/libviq2rt.a(vex_smartdrive.cpp.o)
                              build/src/main.o (vex::smartdrive::~smartdrive())
/home/kinganseam/.config/Code/User/globalStorage/vexrobotics.vexcode/sdk/cpp/IQ2/IQ2_20250520_15_00_00/vexiq2/libviq2rt.a(vex_event.cpp.o)
                              /home/kinganseam/.config/Code/User/globalStorage/vexrobotics.vexcode/sdk/cpp/IQ2/IQ2_20250520_15_00_00/vexiq2/libviq2rt.a(vex_brain.cpp.o) (vex::event::init(unsigned long, unsigned long, void (*)()))
/home/kinganseam/.config/Code/User/globalStorage/vexrobotics.vexcode/sdk/cpp/IQ2/IQ2_20250520_15_00_00/vexiq2/libviq2rt.a(vex_task.cpp.o)
                              /home/kinganseam/.config/Code/User/globalStorage/vexrobotics.vexcode/sdk/cpp/IQ2/IQ2_20250520_15_00_00/vexiq2/libviq2rt.a(vex_smartdrive.cpp.o) (vex::task::sleep(unsigned long))
/home/kinganseam/.config/Code/User/globalStorage/vexrobotics.vexcode/sdk/cpp/IQ2/IQ2_20250520_15_00_00/vexiq2/libviq2rt.a(vex_device.cpp.o)
[...]
Memory Configuration

Name             Origin             Length             Attributes
SRAM_1_2_3       0x0000000020010000 0x0000000000018000 xrw
*default*        0x0000000000000000 0xffffffffffffffff

Linker script and memory map

                0x0000000000000020                _STACK_SIZE = DEFINED (_STACK_SIZE)?_STACK_SIZE:0x20
                0x0000000000001000                _HEAP_SIZE = DEFINED (_HEAP_SIZE)?_HEAP_SIZE:0x1000

.text           0x0000000020010000     0x4fac
 *(.vectors)
 *(.boot_data)
 .boot_data     0x0000000020010000       0x10 /home/kinganseam/.config/Code/User/globalStorage/vexrobotics.vexcode/sdk/cpp/IQ2/IQ2_20250520_15_00_00/vexiq2/libviq2rt.a(iq2_startup.c.o)
                0x0000000020010000                vexCodeSig
                0x0000000000000020                . = 0x20
 *fill*         0x0000000020010010       0x10 
 *(.boot)
 .boot          0x0000000020010020       0x64 /home/kinganseam/.config/Code/User/globalStorage/vexrobotics.vexcode/sdk/cpp/IQ2/IQ2_20250520_15_00_00/vexiq2/libviq2rt.a(iq2_startup.c.o)
                0x0000000020010020                vexStartup
                0x00000000200100c0                . = ALIGN (0x40)
 *fill*         0x0000000020010084       0x3c 
 *(.freertos_vectors)
 *(.text)
 .text          0x00000000200100c0      0x378 /home/kinganseam/.config/Code/User/globalStorage/vexrobotics.vexcode/sdk/cpp/IQ2/IQ2_20250520_15_00_00/vexiq2/gcc/libs/libgcc.a(_arm_addsubdf3.o)
                0x00000000200100c0                __aeabi_drsub
                0x00000000200100c8                __aeabi_dsub
                0x00000000200100c8                __subdf3
                0x00000000200100cc                __adddf3
                0x00000000200100cc                __aeabi_dadd
                0x0000000020010344                __aeabi_ui2d
                0x0000000020010344                __floatunsidf
                0x0000000020010364                __floatsidf
                0x0000000020010364                __aeabi_i2d
                0x0000000020010388                __extendsfdf2
                0x0000000020010388                __aeabi_f2d
                0x00000000200103cc                __aeabi_ul2d
                0x00000000200103cc                __floatundidf
                0x00000000200103dc                __floatdidf
                0x00000000200103dc                __aeabi_l2d
 .text          0x0000000020010438      0x424 /home/kinganseam/.config/Code/User/globalStorage/vexrobotics.vexcode/sdk/cpp/IQ2/IQ2_20250520_15_00_00/vexiq2/gcc/libs/libgcc.a(_arm_muldivdf3.o)
                0x0000000020010438                __aeabi_dmul
                0x0000000020010438                __muldf3
                0x000000002001068c                __aeabi_ddiv
                0x000000002001068c                __divdf3
 .text          0x000000002001085c      0x110 /home/kinganseam/.config/Code/User/globalStorage/vexrobotics.vexcode/sdk/cpp/IQ2/IQ2_20250520_15_00_00/vexiq2/gcc/libs/libgcc.a(_arm_cmpdf2.o)
                0x000000002001085c                __gtdf2
                0x000000002001085c                __gedf2
                0x0000000020010864                __ltdf2
                0x0000000020010864                __ledf2
                0x000000002001086c                __cmpdf2
                0x000000002001086c                __eqdf2
                0x000000002001086c                __nedf2
                0x00000000200108e8                __aeabi_cdrcmple
                0x00000000200108f8                __aeabi_cdcmple
                0x00000000200108f8                __aeabi_cdcmpeq
                0x0000000020010908                __aeabi_dcmpeq
                0x000000002001091c                __aeabi_dcmplt
                0x0000000020010930                __aeabi_dcmple
                0x0000000020010944                __aeabi_dcmpge
                0x0000000020010958                __aeabi_dcmpgt
 .text          0x000000002001096c       0x2c /home/kinganseam/.config/Code/User/globalStorage/vexrobotics.vexcode/sdk/cpp/IQ2/IQ2_20250520_15_00_00/vexiq2/gcc/libs/libgcc.a(_arm_unorddf2.o)
                0x000000002001096c                __aeabi_dcmpun
                0x000000002001096c                __unorddf2
 .text          0x0000000020010998       0x50 /home/kinganseam/.config/Code/User/globalStorage/vexrobotics.vexcode/sdk/cpp/IQ2/IQ2_20250520_15_00_00/vexiq2/gcc/libs/libgcc.a(_arm_fixdfsi.o)
                0x0000000020010998                __fixdfsi
                0x0000000020010998                __aeabi_d2iz
 *(.text.*)
 .text._Z7getInfov
                0x00000000200109e8       0xac build/src/navigation.o
                0x00000000200109e8                getInfo()
 .text._GLOBAL__sub_I_navigation.cpp
                0x0000000020010a94       0x52 build/src/navigation.o
 .text._Z17classifyTileColordd
                0x0000000020010ae6       0xe8 build/src/main.o
                0x0000000020010ae6                classifyTileColor(double, double)
 *fill*         0x0000000020010bce        0x2 
 .text._Z13bufferAveragev
                0x0000000020010bd0       0x78 build/src/main.o
                0x0000000020010bd0                bufferAverage()
 .text._Z12colorAvragerv
                0x0000000020010c48      0x158 build/src/main.o
                0x0000000020010c48                colorAvrager()
 .text._Z10handleInitv
                0x0000000020010da0       0xb0 build/src/main.o
                0x0000000020010da0                handleInit()
 .text._Z14handleColorCalv
                0x0000000020010e50      0x368 build/src/main.o
                0x0000000020010e50                handleColorCal()
 .text._Z10handleIdlev
                0x00000000200111b8       0x74 build/src/main.o
                0x00000000200111b8                handleIdle()
 .text._Z17handleColourCheckv
                0x000000002001122c       0x9c build/src/main.o
                0x000000002001122c                handleColourCheck()
 .text._Z15handleWallCheckv
                0x00000000200112c8       0xf0 build/src/main.o
                0x00000000200112c8                handleWallCheck()
 .text._Z10handleMovev
                0x00000000200113b8       0x70 build/src/main.o
                0x00000000200113b8                handleMove()
 .text._Z11handleErrorv
                0x0000000020011428       0xc0 build/src/main.o
                0x0000000020011428                handleError()
 .text._Z15runStateMachinev
                0x00000000200114e8       0x44 build/src/main.o
                0x00000000200114e8                runStateMachine()
 *fill*         0x000000002001152c        0x4 
 .text.main     0x0000000020011530       0x30 build/src/main.o
                0x0000000020011530                main
 .text._GLOBAL__sub_I_main.cpp
                0x0000000020011560      0x1b8 build/src/main.o
 .text.vexMain  0x0000000020011718       0x60 /home/kinganseam/.config/Code/User/globalStorage/vexrobotics.vexcode/sdk/cpp/IQ2/IQ2_20250520_15_00_00/vexiq2/libviq2rt.a(iq2_startup.c.o)
                0x0000000020011718                vexMain
 .text.__vex_function_prolog
                0x0000000020011778       0x10 /home/kinganseam/.config/Code/User/globalStorage/vexrobotics.vexcode/sdk/cpp/IQ2/IQ2_20250520_15_00_00/vexiq2/libviq2rt.a(iq2_startup.c.o)
                0x0000000020011778                __vex_function_prolog
 .text._init    0x0000000020011788        0x2 /home/kinganseam/.config/Code/User/globalStorage/vexrobotics.vexcode/sdk/cpp/IQ2/IQ2_20250520_15_00_00/vexiq2/libviq2rt.a(iq2_startup.c.o)
                0x0000000020011788                _init
 .text._fini    0x000000002001178a        0x2 /home/kinganseam/.config/Code/User/globalStorage/vexrobotics.vexcode/sdk/cpp/IQ2/IQ2_20250520_15_00_00/vexiq2/libviq2rt.a(iq2_startup.c.o)
                0x000000002001178a                _fini
 .text.__cxa_atexit
                0x000000002001178c        0x4 /home/kinganseam/.config/Code/User/globalStorage/vexrobotics.vexcode/sdk/cpp/IQ2/IQ2_20250520_15_00_00/vexiq2/libviq2rt.a(iq2_startup.c.o)
                0x000000002001178c                __cxa_atexit
 .text.vexTaskAdd
                0x0000000020011790        0xc /home/kinganseam/.config/Code/User/globalStorage/vexrobotics.vexcode/sdk/cpp/IQ2/IQ2_20250520_15_00_00/vexiq2/libviq2rt.a(iq2_apijump.c.o)
                0x0000000020011790                vexTaskAdd
 .text.vexTaskYield
                0x000000002001179c        0xc /home/kinganseam/.config/Code/User/globalStorage/vexrobotics.vexcode/sdk/cpp/IQ2/IQ2_20250520_15_00_00/vexiq2/libviq2rt.a(iq2_apijump.c.o)
                0x000000002001179c                vexTaskYield
 .text.vexTaskCheckTimeslice
                0x00000000200117a8        0xc /home/kinganseam/.config/Code/User/globalStorage/vexrobotics.vexcode/sdk/cpp/IQ2/IQ2_20250520_15_00_00/vexiq2/libviq2rt.a(iq2_apijump.c.o)
                0x00000000200117a8                vexTaskCheckTimeslice
 .text.vexTaskSleep
                0x00000000200117b4        0xc /home/kinganseam/.config/Code/User/globalStorage/vexrobotics.vexcode/sdk/cpp/IQ2/IQ2_20250520_15_00_00/vexiq2/libviq2rt.a(iq2_apijump.c.o)
                0x00000000200117b4                vexTaskSleep
 .text.vexTasksDump
                0x00000000200117c0       0x18 /home/kinganseam/.config/Code/User/globalStorage/vexrobotics.vexcode/sdk/cpp/IQ2/IQ2_20250520_15_00_00/vexiq2/libviq2rt.a(iq2_apijump.c.o)
                0x00000000200117c0                vexTasksDump
 .text.vexTaskStateGet
                0x00000000200117d8        0xc /home/kinganseam/.config/Code/User/globalStorage/vexrobotics.vexcode/sdk/cpp/IQ2/IQ2_20250520_15_00_00/vexiq2/libviq2rt.a(iq2_apijump.c.o)
                0x00000000200117d8                vexTaskStateGet
 .text.vexTaskGetTaskIndex
                0x00000000200117e4        0xc /home/kinganseam/.config/Code/User/globalStorage/vexrobotics.vexcode/sdk/cpp/IQ2/IQ2_20250520_15_00_00/vexiq2/libviq2rt.a(iq2_apijump.c.o)
                0x00000000200117e4                vexTaskGetTaskIndex
 .text.vexTaskCompletionIdSet
                0x00000000200117f0        0xc /home/kinganseam/.config/Code/User/globalStorage/vexrobotics.vexcode/sdk/cpp/IQ2/IQ2_20250520_15_00_00/vexiq2/libviq2rt.a(iq2_apijump.c.o)
                0x00000000200117f0                vexTaskCompletionIdSet
 .text.vexTaskAddWithArg
                0x00000000200117fc       0x14 /home/kinganseam/.config/Code/User/globalStorage/vexrobotics.vexcode/sdk/cpp/IQ2/IQ2_20250520_15_00_00/vexiq2/libviq2rt.a(iq2_apijump.c.o)
                0x00000000200117fc                vexTaskAddWithArg
 .text.vexTaskStopWithId
                0x0000000020011810        0xc /home/kinganseam/.config/Code/User/globalStorage/vexrobotics.vexcode/sdk/cpp/IQ2/IQ2_20250520_15_00_00/vexiq2/libviq2rt.a(iq2_apijump.c.o)
                0x0000000020011810                vexTaskStopWithId
 .text.vexCriticalSection
                0x000000002001181c        0xc /home/kinganseam/.config/Code/User/globalStorage/vexrobotics.vexcode/sdk/cpp/IQ2/IQ2_20250520_15_00_00/vexiq2/libviq2rt.a(iq2_apijump.c.o)
                0x000000002001181c                vexCriticalSection
 .text.vexDisplayContextSwitch
                0x0000000020011828        0xc /home/kinganseam/.config/Code/User/globalStorage/vexrobotics.vexcode/sdk/cpp/IQ2/IQ2_20250520_15_00_00/vexiq2/libviq2rt.a(iq2_apijump.c.o)
                0x0000000020011828                vexDisplayContextSwitch
 .text.vexEventUserIndexGet
                0x0000000020011834       0x18 /home/kinganseam/.config/Code/User/globalStorage/vexrobotics.vexcode/sdk/cpp/IQ2/IQ2_20250520_15_00_00/vexiq2/libviq2rt.a(iq2_apijump.c.o)
                0x0000000020011834                vexEventUserIndexGet
 .text.vexDebug
                0x000000002001184c       0x2c /home/kinganseam/.config/Code/User/globalStorage/vexrobotics.vexcode/sdk/cpp/IQ2/IQ2_20250520_15_00_00/vexiq2/libviq2rt.a(iq2_apijump.c.o)
                0x000000002001184c                vexDebug
 .text.vex_vsnprintf
                0x0000000020011878       0x2c /home/kinganseam/.config/Code/User/globalStorage/vexrobotics.vexcode/sdk/cpp/IQ2/IQ2_20250520_15_00_00/vexiq2/libviq2rt.a(iq2_apijump.c.o)
                0x0000000020011878                vex_vsnprintf
 .text.vexSystemTimeGet
                0x00000000200118a4       0x18 /home/kinganseam/.config/Code/User/globalStorage/vexrobotics.vexcode/sdk/cpp/IQ2/IQ2_20250520_15_00_00/vexiq2/libviq2rt.a(iq2_apijump.c.o)
                0x00000000200118a4                vexSystemTimeGet
 .text.vexDeviceGetByIndex
                0x00000000200118bc       0x1c /home/kinganseam/.config/Code/User/globalStorage/vexrobotics.vexcode/sdk/cpp/IQ2/IQ2_20250520_15_00_00/vexiq2/libviq2rt.a(iq2_apijump.c.o)
                0x00000000200118bc                vexDeviceGetByIndex
 .text.vexTouchledValueGet
                0x00000000200118d8       0x1c /home/kinganseam/.config/Code/User/globalStorage/vexrobotics.vexcode/sdk/cpp/IQ2/IQ2_20250520_15_00_00/vexiq2/libviq2rt.a(iq2_apijump.c.o)
                0x00000000200118d8                vexTouchledValueGet
 .text.vexTouchledRgbSet
                0x00000000200118f4       0x2c /home/kinganseam/.config/Code/User/globalStorage/vexrobotics.vexcode/sdk/cpp/IQ2/IQ2_20250520_15_00_00/vexiq2/libviq2rt.a(iq2_apijump.c.o)
                0x00000000200118f4                vexTouchledRgbSet
 .text.vexTouchledOn
                0x0000000020011920       0x1c /home/kinganseam/.config/Code/User/globalStorage/vexrobotics.vexcode/sdk/cpp/IQ2/IQ2_20250520_15_00_00/vexiq2/libviq2rt.a(iq2_apijump.c.o)
                0x0000000020011920                vexTouchledOn
 .text.vexTouchledBrightnessSet
                0x000000002001193c       0x20 /home/kinganseam/.config/Code/User/globalStorage/vexrobotics.vexcode/sdk/cpp/IQ2/IQ2_20250520_15_00_00/vexiq2/libviq2rt.a(iq2_apijump.c.o)
                0x000000002001193c                vexTouchledBrightnessSet
 .text.vexBumperGet
                0x000000002001195c       0x1c /home/kinganseam/.config/Code/User/globalStorage/vexrobotics.vexcode/sdk/cpp/IQ2/IQ2_20250520_15_00_00/vexiq2/libviq2rt.a(iq2_apijump.c.o)
                0x000000002001195c                vexBumperGet
 .text.vexMotorVelocitySet
                0x0000000020011978       0x20 /home/kinganseam/.config/Code/User/globalStorage/vexrobotics.vexcode/sdk/cpp/IQ2/IQ2_20250520_15_00_00/vexiq2/libviq2rt.a(iq2_apijump.c.o)
                0x0000000020011978                vexMotorVelocitySet
 .text.vexMotorActualVelocityGet
                0x0000000020011998       0x1c /home/kinganseam/.config/Code/User/globalStorage/vexrobotics.vexcode/sdk/cpp/IQ2/IQ2_20250520_15_00_00/vexiq2/libviq2rt.a(iq2_apijump.c.o)
                0x0000000020011998                vexMotorActualVelocityGet
 .text.vexMotorModeGet
                0x00000000200119b4       0x1c /home/kinganseam/.config/Code/User/globalStorage/vexrobotics.vexcode/sdk/cpp/IQ2/IQ2_20250520_15_00_00/vexiq2/libviq2rt.a(iq2_apijump.c.o)
                0x00000000200119b4                vexMotorModeGet
 .text.vexMotorZeroPositionFlagGet
                0x00000000200119d0       0x1c /home/kinganseam/.config/Code/User/globalStorage/vexrobotics.vexcode/sdk/cpp/IQ2/IQ2_20250520_15_00_00/vexiq2/libviq2rt.a(iq2_apijump.c.o)
                0x00000000200119d0                vexMotorZeroPositionFlagGet
 .text.vexMotorReverseFlagSet
                0x00000000200119ec       0x20 /home/kinganseam/.config/Code/User/globalStorage/vexrobotics.vexcode/sdk/cpp/IQ2/IQ2_20250520_15_00_00/vexiq2/libviq2rt.a(iq2_apijump.c.o)
                0x00000000200119ec                vexMotorReverseFlagSet
 .text.vexMotorEncoderUnitsSet
                0x0000000020011a0c       0x20 /home/kinganseam/.config/Code/User/globalStorage/vexrobotics.vexcode/sdk/cpp/IQ2/IQ2_20250520_15_00_00/vexiq2/libviq2rt.a(iq2_apijump.c.o)
                0x0000000020011a0c                vexMotorEncoderUnitsSet
 .text.vexMotorBrakeModeSet
                0x0000000020011a2c       0x20 /home/kinganseam/.config/Code/User/globalStorage/vexrobotics.vexcode/sdk/cpp/IQ2/IQ2_20250520_15_00_00/vexiq2/libviq2rt.a(iq2_apijump.c.o)
                0x0000000020011a2c                vexMotorBrakeModeSet
 .text.vexMotorPositionSet
                0x0000000020011a4c       0x34 /home/kinganseam/.config/Code/User/globalStorage/vexrobotics.vexcode/sdk/cpp/IQ2/IQ2_20250520_15_00_00/vexiq2/libviq2rt.a(iq2_apijump.c.o)
                0x0000000020011a4c                vexMotorPositionSet
 .text.vexMotorRelativeTargetSet
                0x0000000020011a80       0x38 /home/kinganseam/.config/Code/User/globalStorage/vexrobotics.vexcode/sdk/cpp/IQ2/IQ2_20250520_15_00_00/vexiq2/libviq2rt.a(iq2_apijump.c.o)
                0x0000000020011a80                vexMotorRelativeTargetSet
 .text.vexImuReset
                0x0000000020011ab8       0x1c /home/kinganseam/.config/Code/User/globalStorage/vexrobotics.vexcode/sdk/cpp/IQ2/IQ2_20250520_15_00_00/vexiq2/libviq2rt.a(iq2_apijump.c.o)
                0x0000000020011ab8                vexImuReset
 .text.vexImuHeadingGet
                0x0000000020011ad4       0x1c /home/kinganseam/.config/Code/User/globalStorage/vexrobotics.vexcode/sdk/cpp/IQ2/IQ2_20250520_15_00_00/vexiq2/libviq2rt.a(iq2_apijump.c.o)
                0x0000000020011ad4                vexImuHeadingGet
 .text.vexImuDegreesGet
                0x0000000020011af0       0x1c /home/kinganseam/.config/Code/User/globalStorage/vexrobotics.vexcode/sdk/cpp/IQ2/IQ2_20250520_15_00_00/vexiq2/libviq2rt.a(iq2_apijump.c.o)
                0x0000000020011af0                vexImuDegreesGet
 .text.vexImuStatusGet
                0x0000000020011b0c       0x1c /home/kinganseam/.config/Code/User/globalStorage/vexrobotics.vexcode/sdk/cpp/IQ2/IQ2_20250520_15_00_00/vexiq2/libviq2rt.a(iq2_apijump.c.o)
                0x0000000020011b0c                vexImuStatusGet
 .text.vexDistanceDistanceGet
                0x0000000020011b28       0x1c /home/kinganseam/.config/Code/User/globalStorage/vexrobotics.vexcode/sdk/cpp/IQ2/IQ2_20250520_15_00_00/vexiq2/libviq2rt.a(iq2_apijump.c.o)
                0x0000000020011b28                vexDistanceDistanceGet
 .text.vexOpticalHueGet
                0x0000000020011b44       0x1c /home/kinganseam/.config/Code/User/globalStorage/vexrobotics.vexcode/sdk/cpp/IQ2/IQ2_20250520_15_00_00/vexiq2/libviq2rt.a(iq2_apijump.c.o)
                0x0000000020011b44                vexOpticalHueGet
 .text.vexOpticalBrightnessGet
                0x0000000020011b60       0x1c /home/kinganseam/.config/Code/User/globalStorage/vexrobotics.vexcode/sdk/cpp/IQ2/IQ2_20250520_15_00_00/vexiq2/libviq2rt.a(iq2_apijump.c.o)
                0x0000000020011b60                vexOpticalBrightnessGet
 .text.vexOpticalGestureEnable
                0x0000000020011b7c       0x1c /home/kinganseam/.config/Code/User/globalStorage/vexrobotics.vexcode/sdk/cpp/IQ2/IQ2_20250520_15_00_00/vexiq2/libviq2rt.a(iq2_apijump.c.o)
                0x0000000020011b7c                vexOpticalGestureEnable
 .text.vexOpticalGestureDisable
                0x0000000020011b98       0x1c /home/kinganseam/.config/Code/User/globalStorage/vexrobotics.vexcode/sdk/cpp/IQ2/IQ2_20250520_15_00_00/vexiq2/libviq2rt.a(iq2_apijump.c.o)
                0x0000000020011b98                vexOpticalGestureDisable
 .text.vexOpticalProximityThreshold
                0x0000000020011bb4       0x20 /home/kinganseam/.config/Code/User/globalStorage/vexrobotics.vexcode/sdk/cpp/IQ2/IQ2_20250520_15_00_00/vexiq2/libviq2rt.a(iq2_apijump.c.o)
                0x0000000020011bb4                vexOpticalProximityThreshold
 .text.vexDisplayForegroundColor
                0x0000000020011bd4       0x1c /home/kinganseam/.config/Code/User/globalStorage/vexrobotics.vexcode/sdk/cpp/IQ2/IQ2_20250520_15_00_00/vexiq2/libviq2rt.a(iq2_apijump.c.o)
                0x0000000020011bd4                vexDisplayForegroundColor
 .text.vexDisplayBackgroundColor
                0x0000000020011bf0       0x1c /home/kinganseam/.config/Code/User/globalStorage/vexrobotics.vexcode/sdk/cpp/IQ2/IQ2_20250520_15_00_00/vexiq2/libviq2rt.a(iq2_apijump.c.o)
                0x0000000020011bf0                vexDisplayBackgroundColor
 .text.vexDisplayBackgroundColorGet
                0x0000000020011c0c       0x18 /home/kinganseam/.config/Code/User/globalStorage/vexrobotics.vexcode/sdk/cpp/IQ2/IQ2_20250520_15_00_00/vexiq2/libviq2rt.a(iq2_apijump.c.o)
                0x0000000020011c0c                vexDisplayBackgroundColorGet
 .text.vexDisplayRectClear
                0x0000000020011c24       0x34 /home/kinganseam/.config/Code/User/globalStorage/vexrobotics.vexcode/sdk/cpp/IQ2/IQ2_20250520_15_00_00/vexiq2/libviq2rt.a(iq2_apijump.c.o)
                0x0000000020011c24                vexDisplayRectClear
 .text.vexDisplayVPrintf
                0x0000000020011c58       0x38 /home/kinganseam/.config/Code/User/globalStorage/vexrobotics.vexcode/sdk/cpp/IQ2/IQ2_20250520_15_00_00/vexiq2/libviq2rt.a(iq2_apijump.c.o)
                0x0000000020011c58                vexDisplayVPrintf
 .text.vexDisplayTextReference
                0x0000000020011c90       0x1c /home/kinganseam/.config/Code/User/globalStorage/vexrobotics.vexcode/sdk/cpp/IQ2/IQ2_20250520_15_00_00/vexiq2/libviq2rt.a(iq2_apijump.c.o)
                0x0000000020011c90                vexDisplayTextReference
 .text.vexDisplayTextSize
                0x0000000020011cac       0x20 /home/kinganseam/.config/Code/User/globalStorage/vexrobotics.vexcode/sdk/cpp/IQ2/IQ2_20250520_15_00_00/vexiq2/libviq2rt.a(iq2_apijump.c.o)
                0x0000000020011cac                vexDisplayTextSize
 .text.vexDisplayFontNamedSet
                0x0000000020011ccc       0x1c /home/kinganseam/.config/Code/User/globalStorage/vexrobotics.vexcode/sdk/cpp/IQ2/IQ2_20250520_15_00_00/vexiq2/libviq2rt.a(iq2_apijump.c.o)
                0x0000000020011ccc                vexDisplayFontNamedSet
 .text.vexDisplayStringWidthGet
                0x0000000020011ce8       0x1c /home/kinganseam/.config/Code/User/globalStorage/vexrobotics.vexcode/sdk/cpp/IQ2/IQ2_20250520_15_00_00/vexiq2/libviq2rt.a(iq2_apijump.c.o)
                0x0000000020011ce8                vexDisplayStringWidthGet
 .text._ZN3vex4waitEdNS_9timeUnitsE
                0x0000000020011d04       0x3c /home/kinganseam/.config/Code/User/globalStorage/vexrobotics.vexcode/sdk/cpp/IQ2/IQ2_20250520_15_00_00/vexiq2/libviq2rt.a(vex_global.cpp.o)
                0x0000000020011d04                vex::wait(double, vex::timeUnits)
 .text._ZN3vex5colorD2Ev
                0x0000000020011d40        0x2 /home/kinganseam/.config/Code/User/globalStorage/vexrobotics.vexcode/sdk/cpp/IQ2/IQ2_20250520_15_00_00/vexiq2/libviq2rt.a(vex_color.cpp.o)
                0x0000000020011d40                vex::color::~color()
                0x0000000020011d40                vex::color::~color()
 .text._ZNK3vex5color3rgbEv
                0x0000000020011d42        0x4 /home/kinganseam/.config/Code/User/globalStorage/vexrobotics.vexcode/sdk/cpp/IQ2/IQ2_20250520_15_00_00/vexiq2/libviq2rt.a(vex_color.cpp.o)
                0x0000000020011d42                vex::color::rgb() const
 .text._ZNK3vex5colorcvmEv
                0x0000000020011d46        0x4 /home/kinganseam/.config/Code/User/globalStorage/vexrobotics.vexcode/sdk/cpp/IQ2/IQ2_20250520_15_00_00/vexiq2/libviq2rt.a(vex_color.cpp.o)
                0x0000000020011d46                vex::color::operator unsigned long() const
 *fill*         0x0000000020011d4a        0x2 
 .text.startup._GLOBAL__sub_I__ZN3vex5color5blackE
                0x0000000020011d4c      0x18c /home/kinganseam/.config/Code/User/globalStorage/vexrobotics.vexcode/sdk/cpp/IQ2/IQ2_20250520_15_00_00/vexiq2/libviq2rt.a(vex_color.cpp.o)
 .text._ZN3vex11this_thread9sleep_forEm
                0x0000000020011ed8        0x4 /home/kinganseam/.config/Code/User/globalStorage/vexrobotics.vexcode/sdk/cpp/IQ2/IQ2_20250520_15_00_00/vexiq2/libviq2rt.a(vex_thread.cpp.o)
                0x0000000020011ed8                vex::this_thread::sleep_for(unsigned long)
 .text._ZN3vex5brainD2Ev
                0x0000000020011edc        0xe /home/kinganseam/.config/Code/User/globalStorage/vexrobotics.vexcode/sdk/cpp/IQ2/IQ2_20250520_15_00_00/vexiq2/libviq2rt.a(vex_brain.cpp.o)
                0x0000000020011edc                vex::brain::~brain()
                0x0000000020011edc                vex::brain::~brain()
 .text._ZN3vex5brain3lcd9setCursorEll
                0x0000000020011eea       0x40 /home/kinganseam/.config/Code/User/globalStorage/vexrobotics.vexcode/sdk/cpp/IQ2/IQ2_20250520_15_00_00/vexiq2/libviq2rt.a(vex_brain.cpp.o)
                0x0000000020011eea                vex::brain::lcd::setCursor(long, long)
 *fill*         0x0000000020011f2a        0x2 
 .text._ZN3vex5brain3lcd7setFontENS_8fontTypeE
                0x0000000020011f2c      0x144 /home/kinganseam/.config/Code/User/globalStorage/vexrobotics.vexcode/sdk/cpp/IQ2/IQ2_20250520_15_00_00/vexiq2/libviq2rt.a(vex_brain.cpp.o)
                0x0000000020011f2c                vex::brain::lcd::setFont(vex::fontType)
 .text._ZN3vex5brain3lcdC2Ev
                0x0000000020012070       0x34 /home/kinganseam/.config/Code/User/globalStorage/vexrobotics.vexcode/sdk/cpp/IQ2/IQ2_20250520_15_00_00/vexiq2/libviq2rt.a(vex_brain.cpp.o)
                0x0000000020012070                vex::brain::lcd::lcd()
                0x0000000020012070                vex::brain::lcd::lcd()
 .text._ZN3vex5brainC2Ev
                0x00000000200120a4       0x32 /home/kinganseam/.config/Code/User/globalStorage/vexrobotics.vexcode/sdk/cpp/IQ2/IQ2_20250520_15_00_00/vexiq2/libviq2rt.a(vex_brain.cpp.o)
                0x00000000200120a4                vex::brain::brain()
                0x00000000200120a4                vex::brain::brain()
 .text._ZN3vex5brain3lcd12_clearScreenEm
                0x00000000200120d6       0x26 /home/kinganseam/.config/Code/User/globalStorage/vexrobotics.vexcode/sdk/cpp/IQ2/IQ2_20250520_15_00_00/vexiq2/libviq2rt.a(vex_brain.cpp.o)
                0x00000000200120d6                vex::brain::lcd::_clearScreen(unsigned long)
 .text._ZN3vex5brain3lcd11clearScreenERKNS_5colorE
                0x00000000200120fc       0x16 /home/kinganseam/.config/Code/User/globalStorage/vexrobotics.vexcode/sdk/cpp/IQ2/IQ2_20250520_15_00_00/vexiq2/libviq2rt.a(vex_brain.cpp.o)
                0x00000000200120fc                vex::brain::lcd::clearScreen(vex::color const&)
 *fill*         0x0000000020012112        0x2 
 .text._ZN3vex5brain3lcd11clearScreenEv
                0x0000000020012114        0xc /home/kinganseam/.config/Code/User/globalStorage/vexrobotics.vexcode/sdk/cpp/IQ2/IQ2_20250520_15_00_00/vexiq2/libviq2rt.a(vex_brain.cpp.o)
                0x0000000020012114                vex::brain::lcd::clearScreen()
 .text._ZN3vex5brain3lcd10rowToPixelEl
                0x0000000020012120       0x24 /home/kinganseam/.config/Code/User/globalStorage/vexrobotics.vexcode/sdk/cpp/IQ2/IQ2_20250520_15_00_00/vexiq2/libviq2rt.a(vex_brain.cpp.o)
                0x0000000020012120                vex::brain::lcd::rowToPixel(long)
 .text._ZN3vex5brain3lcd5printEPKcz
                0x0000000020012144       0x7e /home/kinganseam/.config/Code/User/globalStorage/vexrobotics.vexcode/sdk/cpp/IQ2/IQ2_20250520_15_00_00/vexiq2/libviq2rt.a(vex_brain.cpp.o)
                0x0000000020012144                vex::brain::lcd::print(char const*, ...)
 .text._ZN3vex5timerD2Ev
                0x00000000200121c2        0x2 /home/kinganseam/.config/Code/User/globalStorage/vexrobotics.vexcode/sdk/cpp/IQ2/IQ2_20250520_15_00_00/vexiq2/libviq2rt.a(vex_timer.cpp.o)
                0x00000000200121c2                vex::timer::~timer()
                0x00000000200121c2                vex::timer::~timer()
 .text._ZN3vex5timer5clearEv
                0x00000000200121c4       0x10 /home/kinganseam/.config/Code/User/globalStorage/vexrobotics.vexcode/sdk/cpp/IQ2/IQ2_20250520_15_00_00/vexiq2/libviq2rt.a(vex_timer.cpp.o)
                0x00000000200121c4                vex::timer::clear()
 .text._ZN3vex5timerC2Ev
                0x00000000200121d4        0xc /home/kinganseam/.config/Code/User/globalStorage/vexrobotics.vexcode/sdk/cpp/IQ2/IQ2_20250520_15_00_00/vexiq2/libviq2rt.a(vex_timer.cpp.o)
                0x00000000200121d4                vex::timer::timer()
                0x00000000200121d4                vex::timer::timer()
 .text._ZN3vex6bumper9installedEv
                0x00000000200121e0        0xe /home/kinganseam/.config/Code/User/globalStorage/vexrobotics.vexcode/sdk/cpp/IQ2/IQ2_20250520_15_00_00/vexiq2/libviq2rt.a(vex_bumper.cpp.o)
                0x00000000200121e0                vex::bumper::installed()
 .text._ZN3vex6bumper5valueEv
                0x00000000200121ee        0x6 /home/kinganseam/.config/Code/User/globalStorage/vexrobotics.vexcode/sdk/cpp/IQ2/IQ2_20250520_15_00_00/vexiq2/libviq2rt.a(vex_bumper.cpp.o)
                0x00000000200121ee                vex::bumper::value()
 .text._ZN3vex6bumperC2El
                0x00000000200121f4       0x1c /home/kinganseam/.config/Code/User/globalStorage/vexrobotics.vexcode/sdk/cpp/IQ2/IQ2_20250520_15_00_00/vexiq2/libviq2rt.a(vex_bumper.cpp.o)
                0x00000000200121f4                vex::bumper::bumper(long)
                0x00000000200121f4                vex::bumper::bumper(long)
 .text._ZN3vex6bumperD2Ev
                0x0000000020012210       0x14 /home/kinganseam/.config/Code/User/globalStorage/vexrobotics.vexcode/sdk/cpp/IQ2/IQ2_20250520_15_00_00/vexiq2/libviq2rt.a(vex_bumper.cpp.o)
                0x0000000020012210                vex::bumper::~bumper()
                0x0000000020012210                vex::bumper::~bumper()
 .text._ZN3vex5motor9installedEv
                0x0000000020012224        0xe /home/kinganseam/.config/Code/User/globalStorage/vexrobotics.vexcode/sdk/cpp/IQ2/IQ2_20250520_15_00_00/vexiq2/libviq2rt.a(vex_motor.cpp.o)
                0x0000000020012224                vex::motor::installed()
 *fill*         0x0000000020012232        0x2 
 .text._ZN3vex5motorD2Ev
                0x0000000020012234       0x14 /home/kinganseam/.config/Code/User/globalStorage/vexrobotics.vexcode/sdk/cpp/IQ2/IQ2_20250520_15_00_00/vexiq2/libviq2rt.a(vex_motor.cpp.o)
                0x0000000020012234                vex::motor::~motor()
                0x0000000020012234                vex::motor::~motor()
 .text._ZN3vex5motor15defaultStoppingENS_9brakeTypeE
                0x0000000020012248       0x1a /home/kinganseam/.config/Code/User/globalStorage/vexrobotics.vexcode/sdk/cpp/IQ2/IQ2_20250520_15_00_00/vexiq2/libviq2rt.a(vex_motor.cpp.o)
                0x0000000020012248                vex::motor::defaultStopping(vex::brakeType)
 *fill*         0x0000000020012262        0x6 
 .text._ZN3vex5motorC2El
                0x0000000020012268       0x60 /home/kinganseam/.config/Code/User/globalStorage/vexrobotics.vexcode/sdk/cpp/IQ2/IQ2_20250520_15_00_00/vexiq2/libviq2rt.a(vex_motor.cpp.o)
                0x0000000020012268                vex::motor::motor(long)
                0x0000000020012268                vex::motor::motor(long)
 .text._ZN3vex5motorC2Elb
                0x00000000200122c8       0x16 /home/kinganseam/.config/Code/User/globalStorage/vexrobotics.vexcode/sdk/cpp/IQ2/IQ2_20250520_15_00_00/vexiq2/libviq2rt.a(vex_motor.cpp.o)
                0x00000000200122c8                vex::motor::motor(long, bool)
                0x00000000200122c8                vex::motor::motor(long, bool)
 .text._ZN3vex5motor14isSpinningModeEv
                0x00000000200122de       0x16 /home/kinganseam/.config/Code/User/globalStorage/vexrobotics.vexcode/sdk/cpp/IQ2/IQ2_20250520_15_00_00/vexiq2/libviq2rt.a(vex_motor.cpp.o)
                0x00000000200122de                vex::motor::isSpinningMode()
 .text._ZN3vex5motor10isSpinningEv
                0x00000000200122f4       0x20 /home/kinganseam/.config/Code/User/globalStorage/vexrobotics.vexcode/sdk/cpp/IQ2/IQ2_20250520_15_00_00/vexiq2/libviq2rt.a(vex_motor.cpp.o)
                0x00000000200122f4                vex::motor::isSpinning()
 .text._ZN3vex5motor4stopENS_9brakeTypeE
                0x0000000020012314       0x1e /home/kinganseam/.config/Code/User/globalStorage/vexrobotics.vexcode/sdk/cpp/IQ2/IQ2_20250520_15_00_00/vexiq2/libviq2rt.a(vex_motor.cpp.o)
                0x0000000020012314                vex::motor::stop(vex::brakeType)
 .text._ZN3vex5motor4stopEv
                0x0000000020012332        0x6 /home/kinganseam/.config/Code/User/globalStorage/vexrobotics.vexcode/sdk/cpp/IQ2/IQ2_20250520_15_00_00/vexiq2/libviq2rt.a(vex_motor.cpp.o)
                0x0000000020012332                vex::motor::stop()
 .text._ZN3vex5motor16velocityToScaledEdNS_13velocityUnitsE
                0x0000000020012338       0x70 /home/kinganseam/.config/Code/User/globalStorage/vexrobotics.vexcode/sdk/cpp/IQ2/IQ2_20250520_15_00_00/vexiq2/libviq2rt.a(vex_motor.cpp.o)
                0x0000000020012338                vex::motor::velocityToScaled(double, vex::velocityUnits)
 .text._ZN3vex5motor8velocityENS_13velocityUnitsE
                0x00000000200123a8       0x18 /home/kinganseam/.config/Code/User/globalStorage/vexrobotics.vexcode/sdk/cpp/IQ2/IQ2_20250520_15_00_00/vexiq2/libviq2rt.a(vex_motor.cpp.o)
                0x00000000200123a8                vex::motor::velocity(vex::velocityUnits)
 .text._ZN3vex5motor5valueEv
                0x00000000200123c0       0x12 /home/kinganseam/.config/Code/User/globalStorage/vexrobotics.vexcode/sdk/cpp/IQ2/IQ2_20250520_15_00_00/vexiq2/libviq2rt.a(vex_motor.cpp.o)
                0x00000000200123c0                vex::motor::value()
 *fill*         0x00000000200123d2        0x6 
 .text._ZN3vex5motor16scaledToVelocityEdNS_13velocityUnitsE
                0x00000000200123d8       0x74 /home/kinganseam/.config/Code/User/globalStorage/vexrobotics.vexcode/sdk/cpp/IQ2/IQ2_20250520_15_00_00/vexiq2/libviq2rt.a(vex_motor.cpp.o)
                0x00000000200123d8                vex::motor::scaledToVelocity(double, vex::velocityUnits)
 .text._ZN3vex5motor4spinENS_13directionTypeEdNS_13velocityUnitsE
                0x000000002001244c       0x32 /home/kinganseam/.config/Code/User/globalStorage/vexrobotics.vexcode/sdk/cpp/IQ2/IQ2_20250520_15_00_00/vexiq2/libviq2rt.a(vex_motor.cpp.o)
                0x000000002001244c                vex::motor::spin(vex::directionType, double, vex::velocityUnits)
 .text._ZN3vex5motor11setVelocityEdNS_13velocityUnitsE
                0x000000002001247e       0x54 /home/kinganseam/.config/Code/User/globalStorage/vexrobotics.vexcode/sdk/cpp/IQ2/IQ2_20250520_15_00_00/vexiq2/libviq2rt.a(vex_motor.cpp.o)
                0x000000002001247e                vex::motor::setVelocity(double, vex::velocityUnits)
 .text._ZN3vex5motor16setRotationUnitsENS_13rotationUnitsE
                0x00000000200124d2       0x12 /home/kinganseam/.config/Code/User/globalStorage/vexrobotics.vexcode/sdk/cpp/IQ2/IQ2_20250520_15_00_00/vexiq2/libviq2rt.a(vex_motor.cpp.o)
                0x00000000200124d2                vex::motor::setRotationUnits(vex::rotationUnits)
 .text._ZN3vex5motor7spinForEdNS_13rotationUnitsEdNS_13velocityUnitsEb
                0x00000000200124e4       0xe0 /home/kinganseam/.config/Code/User/globalStorage/vexrobotics.vexcode/sdk/cpp/IQ2/IQ2_20250520_15_00_00/vexiq2/libviq2rt.a(vex_motor.cpp.o)
                0x00000000200124e4                vex::motor::spinFor(double, vex::rotationUnits, double, vex::velocityUnits, bool)
 .text._ZN3vex5motor7spinForENS_13directionTypeEdNS_13rotationUnitsEdNS_13velocityUnitsEb
                0x00000000200125c4       0x2e /home/kinganseam/.config/Code/User/globalStorage/vexrobotics.vexcode/sdk/cpp/IQ2/IQ2_20250520_15_00_00/vexiq2/libviq2rt.a(vex_motor.cpp.o)
                0x00000000200125c4                vex::motor::spinFor(vex::directionType, double, vex::rotationUnits, double, vex::velocityUnits, bool)
 .text._ZN3vex5motor7spinForENS_13directionTypeEdNS_13rotationUnitsEb
                0x00000000200125f2       0x40 /home/kinganseam/.config/Code/User/globalStorage/vexrobotics.vexcode/sdk/cpp/IQ2/IQ2_20250520_15_00_00/vexiq2/libviq2rt.a(vex_motor.cpp.o)
                0x00000000200125f2                vex::motor::spinFor(vex::directionType, double, vex::rotationUnits, bool)
 .text._ZN3vex8touchled9installedEv
                0x0000000020012632        0xe /home/kinganseam/.config/Code/User/globalStorage/vexrobotics.vexcode/sdk/cpp/IQ2/IQ2_20250520_15_00_00/vexiq2/libviq2rt.a(vex_touchled.cpp.o)
                0x0000000020012632                vex::touchled::installed()
 .text._ZN3vex8touchledC2El
                0x0000000020012640       0x28 /home/kinganseam/.config/Code/User/globalStorage/vexrobotics.vexcode/sdk/cpp/IQ2/IQ2_20250520_15_00_00/vexiq2/libviq2rt.a(vex_touchled.cpp.o)
                0x0000000020012640                vex::touchled::touchled(long)
                0x0000000020012640                vex::touchled::touchled(long)
 .text._ZN3vex8touchledD2Ev
                0x0000000020012668       0x14 /home/kinganseam/.config/Code/User/globalStorage/vexrobotics.vexcode/sdk/cpp/IQ2/IQ2_20250520_15_00_00/vexiq2/libviq2rt.a(vex_touchled.cpp.o)
                0x0000000020012668                vex::touchled::~touchled()
                0x0000000020012668                vex::touchled::~touchled()
 .text._ZN3vex8touchled8pressingEv
                0x000000002001267c       0x10 /home/kinganseam/.config/Code/User/globalStorage/vexrobotics.vexcode/sdk/cpp/IQ2/IQ2_20250520_15_00_00/vexiq2/libviq2rt.a(vex_touchled.cpp.o)
                0x000000002001267c                vex::touchled::pressing()
 .text._ZN3vex8touchled5valueEv
                0x000000002001268c        0x8 /home/kinganseam/.config/Code/User/globalStorage/vexrobotics.vexcode/sdk/cpp/IQ2/IQ2_20250520_15_00_00/vexiq2/libviq2rt.a(vex_touchled.cpp.o)
                0x000000002001268c                vex::touchled::value()
 .text._ZN3vex8touchled14_setBrightnessEm
                0x0000000020012694       0x22 /home/kinganseam/.config/Code/User/globalStorage/vexrobotics.vexcode/sdk/cpp/IQ2/IQ2_20250520_15_00_00/vexiq2/libviq2rt.a(vex_touchled.cpp.o)
                0x0000000020012694                vex::touchled::_setBrightness(unsigned long)
 .text._ZN3vex8touchled9_setColorEm
                0x00000000200126b6       0x2c /home/kinganseam/.config/Code/User/globalStorage/vexrobotics.vexcode/sdk/cpp/IQ2/IQ2_20250520_15_00_00/vexiq2/libviq2rt.a(vex_touchled.cpp.o)
                0x00000000200126b6                vex::touchled::_setColor(unsigned long)
 .text._ZN3vex8touchled2onENS_5colorEm
                0x00000000200126e2       0x32 /home/kinganseam/.config/Code/User/globalStorage/vexrobotics.vexcode/sdk/cpp/IQ2/IQ2_20250520_15_00_00/vexiq2/libviq2rt.a(vex_touchled.cpp.o)
                0x00000000200126e2                vex::touchled::on(vex::color, unsigned long)
 .text._ZN3vex8inertial11getTurnTypeEv
                0x0000000020012714        0x4 /home/kinganseam/.config/Code/User/globalStorage/vexrobotics.vexcode/sdk/cpp/IQ2/IQ2_20250520_15_00_00/vexiq2/libviq2rt.a(vex_imu.cpp.o)
                0x0000000020012714                vex::inertial::getTurnType()
 .text._ZThn20_N3vex8inertial11getTurnTypeEv
                0x0000000020012718        0x8 /home/kinganseam/.config/Code/User/globalStorage/vexrobotics.vexcode/sdk/cpp/IQ2/IQ2_20250520_15_00_00/vexiq2/libviq2rt.a(vex_imu.cpp.o)
                0x0000000020012718                non-virtual thunk to vex::inertial::getTurnType()
 .text._ZN3vex8inertial10setHeadingEdNS_13rotationUnitsE
                0x0000000020012720       0x48 /home/kinganseam/.config/Code/User/globalStorage/vexrobotics.vexcode/sdk/cpp/IQ2/IQ2_20250520_15_00_00/vexiq2/libviq2rt.a(vex_imu.cpp.o)
                0x0000000020012720                vex::inertial::setHeading(double, vex::rotationUnits)
 .text._ZThn20_N3vex8inertial10setHeadingEdNS_13rotationUnitsE
                0x0000000020012768        0x8 /home/kinganseam/.config/Code/User/globalStorage/vexrobotics.vexcode/sdk/cpp/IQ2/IQ2_20250520_15_00_00/vexiq2/libviq2rt.a(vex_imu.cpp.o)
                0x0000000020012768                non-virtual thunk to vex::inertial::setHeading(double, vex::rotationUnits)
 .text._ZN3vex8inertial11setRotationEdNS_13rotationUnitsE
                0x0000000020012770       0x48 /home/kinganseam/.config/Code/User/globalStorage/vexrobotics.vexcode/sdk/cpp/IQ2/IQ2_20250520_15_00_00/vexiq2/libviq2rt.a(vex_imu.cpp.o)
                0x0000000020012770                vex::inertial::setRotation(double, vex::rotationUnits)
 .text._ZThn20_N3vex8inertial11setRotationEdNS_13rotationUnitsE
                0x00000000200127b8        0x8 /home/kinganseam/.config/Code/User/globalStorage/vexrobotics.vexcode/sdk/cpp/IQ2/IQ2_20250520_15_00_00/vexiq2/libviq2rt.a(vex_imu.cpp.o)
                0x00000000200127b8                non-virtual thunk to vex::inertial::setRotation(double, vex::rotationUnits)
 .text._ZN3vex8inertialD2Ev
                0x00000000200127c0       0x14 /home/kinganseam/.config/Code/User/globalStorage/vexrobotics.vexcode/sdk/cpp/IQ2/IQ2_20250520_15_00_00/vexiq2/libviq2rt.a(vex_imu.cpp.o)
                0x00000000200127c0                vex::inertial::~inertial()
                0x00000000200127c0                vex::inertial::~inertial()
 .text._ZThn20_N3vex8inertialD1Ev
                0x00000000200127d4        0x8 /home/kinganseam/.config/Code/User/globalStorage/vexrobotics.vexcode/sdk/cpp/IQ2/IQ2_20250520_15_00_00/vexiq2/libviq2rt.a(vex_imu.cpp.o)
                0x00000000200127d4                non-virtual thunk to vex::inertial::~inertial()
 .text._ZN3vex8inertialD0Ev
                0x00000000200127dc       0x12 /home/kinganseam/.config/Code/User/globalStorage/vexrobotics.vexcode/sdk/cpp/IQ2/IQ2_20250520_15_00_00/vexiq2/libviq2rt.a(vex_imu.cpp.o)
                0x00000000200127dc                vex::inertial::~inertial()
 .text._ZThn20_N3vex8inertialD0Ev
                0x00000000200127ee        0x8 /home/kinganseam/.config/Code/User/globalStorage/vexrobotics.vexcode/sdk/cpp/IQ2/IQ2_20250520_15_00_00/vexiq2/libviq2rt.a(vex_imu.cpp.o)
                0x00000000200127ee                non-virtual thunk to vex::inertial::~inertial()
 .text._ZN3vex8inertial9installedEv
                0x00000000200127f6       0x10 /home/kinganseam/.config/Code/User/globalStorage/vexrobotics.vexcode/sdk/cpp/IQ2/IQ2_20250520_15_00_00/vexiq2/libviq2rt.a(vex_imu.cpp.o)
                0x00000000200127f6                vex::inertial::installed()
 *fill*         0x0000000020012806        0x2 
 .text._ZN3vex8inertial5angleENS_13rotationUnitsE
                0x0000000020012808       0x74 /home/kinganseam/.config/Code/User/globalStorage/vexrobotics.vexcode/sdk/cpp/IQ2/IQ2_20250520_15_00_00/vexiq2/libviq2rt.a(vex_imu.cpp.o)
                0x0000000020012808                vex::inertial::angle(vex::rotationUnits)
 .text._ZThn20_N3vex8inertial5angleENS_13rotationUnitsE
                0x000000002001287c        0x8 /home/kinganseam/.config/Code/User/globalStorage/vexrobotics.vexcode/sdk/cpp/IQ2/IQ2_20250520_15_00_00/vexiq2/libviq2rt.a(vex_imu.cpp.o)
                0x000000002001287c                non-virtual thunk to vex::inertial::angle(vex::rotationUnits)
 .text._ZN3vex8inertial7headingENS_13rotationUnitsE
                0x0000000020012884        0x4 /home/kinganseam/.config/Code/User/globalStorage/vexrobotics.vexcode/sdk/cpp/IQ2/IQ2_20250520_15_00_00/vexiq2/libviq2rt.a(vex_imu.cpp.o)
                0x0000000020012884                vex::inertial::heading(vex::rotationUnits)
 .text._ZThn20_N3vex8inertial7headingENS_13rotationUnitsE
                0x0000000020012888        0x8 /home/kinganseam/.config/Code/User/globalStorage/vexrobotics.vexcode/sdk/cpp/IQ2/IQ2_20250520_15_00_00/vexiq2/libviq2rt.a(vex_imu.cpp.o)
                0x0000000020012888                non-virtual thunk to vex::inertial::heading(vex::rotationUnits)
 .text._ZN3vex8inertial5valueEv
                0x0000000020012890       0x12 /home/kinganseam/.config/Code/User/globalStorage/vexrobotics.vexcode/sdk/cpp/IQ2/IQ2_20250520_15_00_00/vexiq2/libviq2rt.a(vex_imu.cpp.o)
                0x0000000020012890                vex::inertial::value()
 *fill*         0x00000000200128a2        0x2 
 .text._ZN3vex8inertial8rotationENS_13rotationUnitsE
                0x00000000200128a4       0x38 /home/kinganseam/.config/Code/User/globalStorage/vexrobotics.vexcode/sdk/cpp/IQ2/IQ2_20250520_15_00_00/vexiq2/libviq2rt.a(vex_imu.cpp.o)
                0x00000000200128a4                vex::inertial::rotation(vex::rotationUnits)
 .text._ZThn20_N3vex8inertial8rotationENS_13rotationUnitsE
                0x00000000200128dc        0x8 /home/kinganseam/.config/Code/User/globalStorage/vexrobotics.vexcode/sdk/cpp/IQ2/IQ2_20250520_15_00_00/vexiq2/libviq2rt.a(vex_imu.cpp.o)
                0x00000000200128dc                non-virtual thunk to vex::inertial::rotation(vex::rotationUnits)
 .text._ZN3vex8inertial13isCalibratingEv
                0x00000000200128e4       0x22 /home/kinganseam/.config/Code/User/globalStorage/vexrobotics.vexcode/sdk/cpp/IQ2/IQ2_20250520_15_00_00/vexiq2/libviq2rt.a(vex_imu.cpp.o)
                0x00000000200128e4                vex::inertial::isCalibrating()
 .text._ZThn20_N3vex8inertial13isCalibratingEv
                0x0000000020012906        0x8 /home/kinganseam/.config/Code/User/globalStorage/vexrobotics.vexcode/sdk/cpp/IQ2/IQ2_20250520_15_00_00/vexiq2/libviq2rt.a(vex_imu.cpp.o)
                0x0000000020012906                non-virtual thunk to vex::inertial::isCalibrating()
 *fill*         0x000000002001290e        0x2 
 .text._ZN3vex8inertialC2ElNS_8turnTypeE
                0x0000000020012910       0x30 /home/kinganseam/.config/Code/User/globalStorage/vexrobotics.vexcode/sdk/cpp/IQ2/IQ2_20250520_15_00_00/vexiq2/libviq2rt.a(vex_imu.cpp.o)
                0x0000000020012910                vex::inertial::inertial(long, vex::turnType)
                0x0000000020012910                vex::inertial::inertial(long, vex::turnType)
 .text._ZN3vex8inertialC2ENS_8turnTypeE
                0x0000000020012940       0x18 /home/kinganseam/.config/Code/User/globalStorage/vexrobotics.vexcode/sdk/cpp/IQ2/IQ2_20250520_15_00_00/vexiq2/libviq2rt.a(vex_imu.cpp.o)
                0x0000000020012940                vex::inertial::inertial(vex::turnType)
                0x0000000020012940                vex::inertial::inertial(vex::turnType)
 .text._ZN3vex8inertial16startCalibrationEl
                0x0000000020012958       0x16 /home/kinganseam/.config/Code/User/globalStorage/vexrobotics.vexcode/sdk/cpp/IQ2/IQ2_20250520_15_00_00/vexiq2/libviq2rt.a(vex_imu.cpp.o)
                0x0000000020012958                vex::inertial::startCalibration(long)
 .text._ZN3vex8inertial9calibrateEl
                0x000000002001296e        0xa /home/kinganseam/.config/Code/User/globalStorage/vexrobotics.vexcode/sdk/cpp/IQ2/IQ2_20250520_15_00_00/vexiq2/libviq2rt.a(vex_imu.cpp.o)
                0x000000002001296e                vex::inertial::calibrate(long)
                0x0000000020012972                non-virtual thunk to vex::inertial::calibrate(long)
 .text._ZN3vex8distance9installedEv
                0x0000000020012978       0x10 /home/kinganseam/.config/Code/User/globalStorage/vexrobotics.vexcode/sdk/cpp/IQ2/IQ2_20250520_15_00_00/vexiq2/libviq2rt.a(vex_distance.cpp.o)
                0x0000000020012978                vex::distance::installed()
 .text._ZN3vex8distance5valueEv
                0x0000000020012988        0x6 /home/kinganseam/.config/Code/User/globalStorage/vexrobotics.vexcode/sdk/cpp/IQ2/IQ2_20250520_15_00_00/vexiq2/libviq2rt.a(vex_distance.cpp.o)
                0x0000000020012988                vex::distance::value()
 *fill*         0x000000002001298e        0x2 
 .text._ZN3vex8distanceC2El
                0x0000000020012990       0x14 /home/kinganseam/.config/Code/User/globalStorage/vexrobotics.vexcode/sdk/cpp/IQ2/IQ2_20250520_15_00_00/vexiq2/libviq2rt.a(vex_distance.cpp.o)
                0x0000000020012990                vex::distance::distance(long)
                0x0000000020012990                vex::distance::distance(long)
 .text._ZN3vex8distanceD2Ev
                0x00000000200129a4       0x14 /home/kinganseam/.config/Code/User/globalStorage/vexrobotics.vexcode/sdk/cpp/IQ2/IQ2_20250520_15_00_00/vexiq2/libviq2rt.a(vex_distance.cpp.o)
                0x00000000200129a4                vex::distance::~distance()
                0x00000000200129a4                vex::distance::~distance()
 .text._ZN3vex8distance14objectDistanceENS_13distanceUnitsE
                0x00000000200129b8       0x44 /home/kinganseam/.config/Code/User/globalStorage/vexrobotics.vexcode/sdk/cpp/IQ2/IQ2_20250520_15_00_00/vexiq2/libviq2rt.a(vex_distance.cpp.o)
                0x00000000200129b8                vex::distance::objectDistance(vex::distanceUnits)
 .text._ZN3vex7optical9installedEv
                0x00000000200129fc       0x10 /home/kinganseam/.config/Code/User/globalStorage/vexrobotics.vexcode/sdk/cpp/IQ2/IQ2_20250520_15_00_00/vexiq2/libviq2rt.a(vex_optical.cpp.o)
                0x00000000200129fc                vex::optical::installed()
 .text._ZN3vex7opticalD2Ev
                0x0000000020012a0c       0x14 /home/kinganseam/.config/Code/User/globalStorage/vexrobotics.vexcode/sdk/cpp/IQ2/IQ2_20250520_15_00_00/vexiq2/libviq2rt.a(vex_optical.cpp.o)
                0x0000000020012a0c                vex::optical::~optical()
                0x0000000020012a0c                vex::optical::~optical()
 .text._ZN3vex7optical3hueEv
                0x0000000020012a20        0x6 /home/kinganseam/.config/Code/User/globalStorage/vexrobotics.vexcode/sdk/cpp/IQ2/IQ2_20250520_15_00_00/vexiq2/libviq2rt.a(vex_optical.cpp.o)
                0x0000000020012a20                vex::optical::hue()
 .text._ZN3vex7optical5valueEv
                0x0000000020012a26       0x10 /home/kinganseam/.config/Code/User/globalStorage/vexrobotics.vexcode/sdk/cpp/IQ2/IQ2_20250520_15_00_00/vexiq2/libviq2rt.a(vex_optical.cpp.o)
                0x0000000020012a26                vex::optical::value()
 *fill*         0x0000000020012a36        0x2 
 .text._ZN3vex7optical10brightnessEb
                0x0000000020012a38       0x40 /home/kinganseam/.config/Code/User/globalStorage/vexrobotics.vexcode/sdk/cpp/IQ2/IQ2_20250520_15_00_00/vexiq2/libviq2rt.a(vex_optical.cpp.o)
                0x0000000020012a38                vex::optical::brightness(bool)
 .text._ZN3vex7optical13gestureEnableEv
                0x0000000020012a78        0x6 /home/kinganseam/.config/Code/User/globalStorage/vexrobotics.vexcode/sdk/cpp/IQ2/IQ2_20250520_15_00_00/vexiq2/libviq2rt.a(vex_optical.cpp.o)
                0x0000000020012a78                vex::optical::gestureEnable()
 .text._ZN3vex7optical14gestureDisableEv
                0x0000000020012a7e        0x6 /home/kinganseam/.config/Code/User/globalStorage/vexrobotics.vexcode/sdk/cpp/IQ2/IQ2_20250520_15_00_00/vexiq2/libviq2rt.a(vex_optical.cpp.o)
                0x0000000020012a7e                vex::optical::gestureDisable()
 .text._ZN3vex7opticalC2Elb
                0x0000000020012a84       0x34 /home/kinganseam/.config/Code/User/globalStorage/vexrobotics.vexcode/sdk/cpp/IQ2/IQ2_20250520_15_00_00/vexiq2/libviq2rt.a(vex_optical.cpp.o)
                0x0000000020012a84                vex::optical::optical(long, bool)
                0x0000000020012a84                vex::optical::optical(long, bool)
 .text._ZN3vex10drivetrainD2Ev
                0x0000000020012ab8       0x1c /home/kinganseam/.config/Code/User/globalStorage/vexrobotics.vexcode/sdk/cpp/IQ2/IQ2_20250520_15_00_00/vexiq2/libviq2rt.a(vex_drivetrain.cpp.o)
                0x0000000020012ab8                vex::drivetrain::~drivetrain()
                0x0000000020012ab8                vex::drivetrain::~drivetrain()
 .text._ZN3vex10drivetrainD0Ev
                0x0000000020012ad4       0x12 /home/kinganseam/.config/Code/User/globalStorage/vexrobotics.vexcode/sdk/cpp/IQ2/IQ2_20250520_15_00_00/vexiq2/libviq2rt.a(vex_drivetrain.cpp.o)
                0x0000000020012ad4                vex::drivetrain::~drivetrain()
 .text._ZN3vex10drivetrain8isMovingEv
                0x0000000020012ae6       0x1a /home/kinganseam/.config/Code/User/globalStorage/vexrobotics.vexcode/sdk/cpp/IQ2/IQ2_20250520_15_00_00/vexiq2/libviq2rt.a(vex_drivetrain.cpp.o)
                0x0000000020012ae6                vex::drivetrain::isMoving()
 .text._ZN3vex10drivetrain16setDriveVelocityEdNS_13velocityUnitsE
                0x0000000020012b00       0x38 /home/kinganseam/.config/Code/User/globalStorage/vexrobotics.vexcode/sdk/cpp/IQ2/IQ2_20250520_15_00_00/vexiq2/libviq2rt.a(vex_drivetrain.cpp.o)
                0x0000000020012b00                vex::drivetrain::setDriveVelocity(double, vex::velocityUnits)
 .text._ZN3vex10drivetrain12setGearRatioEd
                0x0000000020012b38       0x54 /home/kinganseam/.config/Code/User/globalStorage/vexrobotics.vexcode/sdk/cpp/IQ2/IQ2_20250520_15_00_00/vexiq2/libviq2rt.a(vex_drivetrain.cpp.o)
                0x0000000020012b38                vex::drivetrain::setGearRatio(double)
 .text._ZN3vex10drivetrain10timeoutGetEv
                0x0000000020012b8c        0x6 /home/kinganseam/.config/Code/User/globalStorage/vexrobotics.vexcode/sdk/cpp/IQ2/IQ2_20250520_15_00_00/vexiq2/libviq2rt.a(vex_drivetrain.cpp.o)
                0x0000000020012b8c                vex::drivetrain::timeoutGet()
 .text._ZN3vex10drivetrain4turnENS_8turnTypeE
                0x0000000020012b92       0x36 /home/kinganseam/.config/Code/User/globalStorage/vexrobotics.vexcode/sdk/cpp/IQ2/IQ2_20250520_15_00_00/vexiq2/libviq2rt.a(vex_drivetrain.cpp.o)
                0x0000000020012b92                vex::drivetrain::turn(vex::turnType)
 .text._ZN3vex10drivetrain15setTurnVelocityEdNS_13velocityUnitsE
                0x0000000020012bc8       0x2e /home/kinganseam/.config/Code/User/globalStorage/vexrobotics.vexcode/sdk/cpp/IQ2/IQ2_20250520_15_00_00/vexiq2/libviq2rt.a(vex_drivetrain.cpp.o)
                0x0000000020012bc8                vex::drivetrain::setTurnVelocity(double, vex::velocityUnits)
 .text._ZN3vex10drivetrain4turnENS_8turnTypeEdNS_13velocityUnitsE
                0x0000000020012bf6       0x60 /home/kinganseam/.config/Code/User/globalStorage/vexrobotics.vexcode/sdk/cpp/IQ2/IQ2_20250520_15_00_00/vexiq2/libviq2rt.a(vex_drivetrain.cpp.o)
                0x0000000020012bf6                vex::drivetrain::turn(vex::turnType, double, vex::velocityUnits)
 .text._ZN3vex10drivetrain6isDoneEv
                0x0000000020012c56        0xe /home/kinganseam/.config/Code/User/globalStorage/vexrobotics.vexcode/sdk/cpp/IQ2/IQ2_20250520_15_00_00/vexiq2/libviq2rt.a(vex_drivetrain.cpp.o)
                0x0000000020012c56                vex::drivetrain::isDone()
 .text._ZN3vex10drivetrain4stopEv
                0x0000000020012c64       0x1a /home/kinganseam/.config/Code/User/globalStorage/vexrobotics.vexcode/sdk/cpp/IQ2/IQ2_20250520_15_00_00/vexiq2/libviq2rt.a(vex_drivetrain.cpp.o)
                0x0000000020012c64                vex::drivetrain::stop()
 .text._ZN3vex10drivetrain21_waitForCompletionAllEv
                0x0000000020012c7e       0x4c /home/kinganseam/.config/Code/User/globalStorage/vexrobotics.vexcode/sdk/cpp/IQ2/IQ2_20250520_15_00_00/vexiq2/libviq2rt.a(vex_drivetrain.cpp.o)
                0x0000000020012c7e                vex::drivetrain::_waitForCompletionAll()
 *fill*         0x0000000020012cca        0x6 
 .text._ZN3vex10drivetrain12distanceToMmEdNS_13distanceUnitsE
                0x0000000020012cd0       0x44 /home/kinganseam/.config/Code/User/globalStorage/vexrobotics.vexcode/sdk/cpp/IQ2/IQ2_20250520_15_00_00/vexiq2/libviq2rt.a(vex_drivetrain.cpp.o)
                0x0000000020012cd0                vex::drivetrain::distanceToMm(double, vex::distanceUnits)
 *fill*         0x0000000020012d14        0x4 
 .text._ZN3vex10drivetrainC2ERNS_5motorES2_dddNS_13distanceUnitsEd
                0x0000000020012d18      0x128 /home/kinganseam/.config/Code/User/globalStorage/vexrobotics.vexcode/sdk/cpp/IQ2/IQ2_20250520_15_00_00/vexiq2/libviq2rt.a(vex_drivetrain.cpp.o)
                0x0000000020012d18                vex::drivetrain::drivetrain(vex::motor&, vex::motor&, double, double, double, vex::distanceUnits, double)
                0x0000000020012d18                vex::drivetrain::drivetrain(vex::motor&, vex::motor&, double, double, double, vex::distanceUnits, double)
 .text._ZN3vex10drivetrain14distanceToRevsEdNS_13distanceUnitsE
                0x0000000020012e40       0x22 /home/kinganseam/.config/Code/User/globalStorage/vexrobotics.vexcode/sdk/cpp/IQ2/IQ2_20250520_15_00_00/vexiq2/libviq2rt.a(vex_drivetrain.cpp.o)
                0x0000000020012e40                vex::drivetrain::distanceToRevs(double, vex::distanceUnits)
 .text._ZN3vex10drivetrain8driveForENS_13directionTypeEdNS_13distanceUnitsEb
                0x0000000020012e62       0x5a /home/kinganseam/.config/Code/User/globalStorage/vexrobotics.vexcode/sdk/cpp/IQ2/IQ2_20250520_15_00_00/vexiq2/libviq2rt.a(vex_drivetrain.cpp.o)
                0x0000000020012e62                vex::drivetrain::driveFor(vex::directionType, double, vex::distanceUnits, bool)
 .text._ZN3vex10drivetrain8driveForEdNS_13distanceUnitsEb
                0x0000000020012ebc       0x12 /home/kinganseam/.config/Code/User/globalStorage/vexrobotics.vexcode/sdk/cpp/IQ2/IQ2_20250520_15_00_00/vexiq2/libviq2rt.a(vex_drivetrain.cpp.o)
                0x0000000020012ebc                vex::drivetrain::driveFor(double, vex::distanceUnits, bool)
 .text._ZN3vex10drivetrain8driveForENS_13directionTypeEdNS_13distanceUnitsEdNS_13velocityUnitsEb
                0x0000000020012ece       0xa6 /home/kinganseam/.config/Code/User/globalStorage/vexrobotics.vexcode/sdk/cpp/IQ2/IQ2_20250520_15_00_00/vexiq2/libviq2rt.a(vex_drivetrain.cpp.o)
                0x0000000020012ece                vex::drivetrain::driveFor(vex::directionType, double, vex::distanceUnits, double, vex::velocityUnits, bool)
 .text._ZN3vex10drivetrain8driveForEdNS_13distanceUnitsEdNS_13velocityUnitsEb
                0x0000000020012f74       0x16 /home/kinganseam/.config/Code/User/globalStorage/vexrobotics.vexcode/sdk/cpp/IQ2/IQ2_20250520_15_00_00/vexiq2/libviq2rt.a(vex_drivetrain.cpp.o)
                0x0000000020012f74                vex::drivetrain::driveFor(double, vex::distanceUnits, double, vex::velocityUnits, bool)
 *fill*         0x0000000020012f8a        0x6 
 .text._ZN3vex10drivetrain11angleToRevsEdNS_13rotationUnitsE
                0x0000000020012f90       0xfc /home/kinganseam/.config/Code/User/globalStorage/vexrobotics.vexcode/sdk/cpp/IQ2/IQ2_20250520_15_00_00/vexiq2/libviq2rt.a(vex_drivetrain.cpp.o)
                0x0000000020012f90                vex::drivetrain::angleToRevs(double, vex::rotationUnits)
 .text._ZN3vex10drivetrain7turnForENS_8turnTypeEdNS_13rotationUnitsEb
                0x000000002001308c       0x7a /home/kinganseam/.config/Code/User/globalStorage/vexrobotics.vexcode/sdk/cpp/IQ2/IQ2_20250520_15_00_00/vexiq2/libviq2rt.a(vex_drivetrain.cpp.o)
                0x000000002001308c                vex::drivetrain::turnFor(vex::turnType, double, vex::rotationUnits, bool)
 .text._ZN3vex10drivetrain7turnForEdNS_13rotationUnitsEb
                0x0000000020013106       0x12 /home/kinganseam/.config/Code/User/globalStorage/vexrobotics.vexcode/sdk/cpp/IQ2/IQ2_20250520_15_00_00/vexiq2/libviq2rt.a(vex_drivetrain.cpp.o)
                0x0000000020013106                vex::drivetrain::turnFor(double, vex::rotationUnits, bool)
 .text._ZN3vex10drivetrain7turnForENS_8turnTypeEdNS_13rotationUnitsEdNS_13velocityUnitsEb
                0x0000000020013118       0xbc /home/kinganseam/.config/Code/User/globalStorage/vexrobotics.vexcode/sdk/cpp/IQ2/IQ2_20250520_15_00_00/vexiq2/libviq2rt.a(vex_drivetrain.cpp.o)
                0x0000000020013118                vex::drivetrain::turnFor(vex::turnType, double, vex::rotationUnits, double, vex::velocityUnits, bool)
 .text._ZN3vex10drivetrain7turnForEdNS_13rotationUnitsEdNS_13velocityUnitsEb
                0x00000000200131d4       0x16 /home/kinganseam/.config/Code/User/globalStorage/vexrobotics.vexcode/sdk/cpp/IQ2/IQ2_20250520_15_00_00/vexiq2/libviq2rt.a(vex_drivetrain.cpp.o)
                0x00000000200131d4                vex::drivetrain::turnFor(double, vex::rotationUnits, double, vex::velocityUnits, bool)
 *fill*         0x00000000200131ea        0x2 
 .text._ZN3vex10smartdriveD2Ev
                0x00000000200131ec       0x28 /home/kinganseam/.config/Code/User/globalStorage/vexrobotics.vexcode/sdk/cpp/IQ2/IQ2_20250520_15_00_00/vexiq2/libviq2rt.a(vex_smartdrive.cpp.o)
                0x00000000200131ec                vex::smartdrive::~smartdrive()
                0x00000000200131ec                vex::smartdrive::~smartdrive()
 .text._ZN3vex10smartdriveD0Ev
                0x0000000020013214       0x12 /home/kinganseam/.config/Code/User/globalStorage/vexrobotics.vexcode/sdk/cpp/IQ2/IQ2_20250520_15_00_00/vexiq2/libviq2rt.a(vex_smartdrive.cpp.o)
                0x0000000020013214                vex::smartdrive::~smartdrive()
 .text._ZN3vex10smartdrive23setTurnDirectionReverseEb
                0x0000000020013226       0x1a /home/kinganseam/.config/Code/User/globalStorage/vexrobotics.vexcode/sdk/cpp/IQ2/IQ2_20250520_15_00_00/vexiq2/libviq2rt.a(vex_smartdrive.cpp.o)
                0x0000000020013226                vex::smartdrive::setTurnDirectionReverse(bool)
 .text._ZN3vex10smartdriveC2ERNS_5motorES2_RNS_5guidoEdddNS_13distanceUnitsEd
                0x0000000020013240       0x50 /home/kinganseam/.config/Code/User/globalStorage/vexrobotics.vexcode/sdk/cpp/IQ2/IQ2_20250520_15_00_00/vexiq2/libviq2rt.a(vex_smartdrive.cpp.o)
                0x0000000020013240                vex::smartdrive::smartdrive(vex::motor&, vex::motor&, vex::guido&, double, double, double, vex::distanceUnits, double)
                0x0000000020013240                vex::smartdrive::smartdrive(vex::motor&, vex::motor&, vex::guido&, double, double, double, vex::distanceUnits, double)
 .text._ZN3vex10smartdrive8rotationENS_13rotationUnitsE
                0x0000000020013290        0xa /home/kinganseam/.config/Code/User/globalStorage/vexrobotics.vexcode/sdk/cpp/IQ2/IQ2_20250520_15_00_00/vexiq2/libviq2rt.a(vex_smartdrive.cpp.o)
                0x0000000020013290                vex::smartdrive::rotation(vex::rotationUnits)
 .text._ZN3vex10smartdrive9isTurningEv
                0x000000002001329a       0x14 /home/kinganseam/.config/Code/User/globalStorage/vexrobotics.vexcode/sdk/cpp/IQ2/IQ2_20250520_15_00_00/vexiq2/libviq2rt.a(vex_smartdrive.cpp.o)
                0x000000002001329a                vex::smartdrive::isTurning()
 *fill*         0x00000000200132ae        0x2 
 .text._ZN3vex10smartdrive11_initeventsEv
                0x00000000200132b0       0x3c /home/kinganseam/.config/Code/User/globalStorage/vexrobotics.vexcode/sdk/cpp/IQ2/IQ2_20250520_15_00_00/vexiq2/libviq2rt.a(vex_smartdrive.cpp.o)
                0x00000000200132b0                vex::smartdrive::_initevents()
 .text._ZN3vex10smartdrive22_testForCompletionGyroEv
                0x00000000200132ec       0xd0 /home/kinganseam/.config/Code/User/globalStorage/vexrobotics.vexcode/sdk/cpp/IQ2/IQ2_20250520_15_00_00/vexiq2/libviq2rt.a(vex_smartdrive.cpp.o)
                0x00000000200132ec                vex::smartdrive::_testForCompletionGyro()
 .text._ZN3vex10smartdrive9_gyrotaskEPv
                0x00000000200133bc       0x64 /home/kinganseam/.config/Code/User/globalStorage/vexrobotics.vexcode/sdk/cpp/IQ2/IQ2_20250520_15_00_00/vexiq2/libviq2rt.a(vex_smartdrive.cpp.o)
                0x00000000200133bc                vex::smartdrive::_gyrotask(void*)
 .text._ZN3vex10smartdrive22_waitForCompletionGyroEv
                0x0000000020013420       0x74 /home/kinganseam/.config/Code/User/globalStorage/vexrobotics.vexcode/sdk/cpp/IQ2/IQ2_20250520_15_00_00/vexiq2/libviq2rt.a(vex_smartdrive.cpp.o)
                0x0000000020013420                vex::smartdrive::_waitForCompletionGyro()
 .text._ZN3vex10smartdrive7turnForENS_8turnTypeEdNS_13rotationUnitsEdNS_13velocityUnitsEb
                0x0000000020013494      0x140 /home/kinganseam/.config/Code/User/globalStorage/vexrobotics.vexcode/sdk/cpp/IQ2/IQ2_20250520_15_00_00/vexiq2/libviq2rt.a(vex_smartdrive.cpp.o)
                0x0000000020013494                vex::smartdrive::turnFor(vex::turnType, double, vex::rotationUnits, double, vex::velocityUnits, bool)
 .text._ZN3vex10smartdrive7turnForENS_8turnTypeEdNS_13rotationUnitsEb
                0x00000000200135d4       0x14 /home/kinganseam/.config/Code/User/globalStorage/vexrobotics.vexcode/sdk/cpp/IQ2/IQ2_20250520_15_00_00/vexiq2/libviq2rt.a(vex_smartdrive.cpp.o)
                0x00000000200135d4                vex::smartdrive::turnFor(vex::turnType, double, vex::rotationUnits, bool)
 .text._ZN3vex10smartdrive7turnForEdNS_13rotationUnitsEb
                0x00000000200135e8       0x14 /home/kinganseam/.config/Code/User/globalStorage/vexrobotics.vexcode/sdk/cpp/IQ2/IQ2_20250520_15_00_00/vexiq2/libviq2rt.a(vex_smartdrive.cpp.o)
                0x00000000200135e8                vex::smartdrive::turnFor(double, vex::rotationUnits, bool)
 .text._ZN3vex10smartdrive7turnForEdNS_13rotationUnitsEdNS_13velocityUnitsEb
                0x00000000200135fc       0x18 /home/kinganseam/.config/Code/User/globalStorage/vexrobotics.vexcode/sdk/cpp/IQ2/IQ2_20250520_15_00_00/vexiq2/libviq2rt.a(vex_smartdrive.cpp.o)
                0x00000000200135fc                vex::smartdrive::turnFor(double, vex::rotationUnits, double, vex::velocityUnits, bool)
 .text._ZN3vex10smartdrive8isMovingEv
                0x0000000020013614       0x16 /home/kinganseam/.config/Code/User/globalStorage/vexrobotics.vexcode/sdk/cpp/IQ2/IQ2_20250520_15_00_00/vexiq2/libviq2rt.a(vex_smartdrive.cpp.o)
                0x0000000020013614                vex::smartdrive::isMoving()
 .text._ZN3vex5event9userindexEv
                0x000000002001362a        0x4 /home/kinganseam/.config/Code/User/globalStorage/vexrobotics.vexcode/sdk/cpp/IQ2/IQ2_20250520_15_00_00/vexiq2/libviq2rt.a(vex_event.cpp.o)
                0x000000002001362a                vex::event::userindex()
 .text._ZN3vex4task5sleepEm
                0x000000002001362e        0x4 /home/kinganseam/.config/Code/User/globalStorage/vexrobotics.vexcode/sdk/cpp/IQ2/IQ2_20250520_15_00_00/vexiq2/libviq2rt.a(vex_task.cpp.o)
                0x000000002001362e                vex::task::sleep(unsigned long)
 .text._ZN3vex4task5yieldEv
                0x0000000020013632        0x4 /home/kinganseam/.config/Code/User/globalStorage/vexrobotics.vexcode/sdk/cpp/IQ2/IQ2_20250520_15_00_00/vexiq2/libviq2rt.a(vex_task.cpp.o)
                0x0000000020013632                vex::task::yield()
 .text._ZN3vex6device5valueEv
                0x0000000020013636        0x4 /home/kinganseam/.config/Code/User/globalStorage/vexrobotics.vexcode/sdk/cpp/IQ2/IQ2_20250520_15_00_00/vexiq2/libviq2rt.a(vex_device.cpp.o)
                0x0000000020013636                vex::device::value()
 .text._ZN3vex6deviceD2Ev
                0x000000002001363a        0x2 /home/kinganseam/.config/Code/User/globalStorage/vexrobotics.vexcode/sdk/cpp/IQ2/IQ2_20250520_15_00_00/vexiq2/libviq2rt.a(vex_device.cpp.o)
                0x000000002001363a                vex::device::~device()
                0x000000002001363a                vex::device::~device()
 .text._ZN3vex6device4initEl
                0x000000002001363c       0x22 /home/kinganseam/.config/Code/User/globalStorage/vexrobotics.vexcode/sdk/cpp/IQ2/IQ2_20250520_15_00_00/vexiq2/libviq2rt.a(vex_device.cpp.o)
                0x000000002001363c                vex::device::init(long)
 *fill*         0x000000002001365e        0x2 
 .text._ZN3vex6deviceC2El
                0x0000000020013660       0x14 /home/kinganseam/.config/Code/User/globalStorage/vexrobotics.vexcode/sdk/cpp/IQ2/IQ2_20250520_15_00_00/vexiq2/libviq2rt.a(vex_device.cpp.o)
                0x0000000020013660                vex::device::device(long)
                0x0000000020013660                vex::device::device(long)
 .text._ZN3vex6device4typeEv
                0x0000000020013674        0x8 /home/kinganseam/.config/Code/User/globalStorage/vexrobotics.vexcode/sdk/cpp/IQ2/IQ2_20250520_15_00_00/vexiq2/libviq2rt.a(vex_device.cpp.o)
                0x0000000020013674                vex::device::type()
 .text._ZN3vex6device9installedEv
                0x000000002001367c        0xe /home/kinganseam/.config/Code/User/globalStorage/vexrobotics.vexcode/sdk/cpp/IQ2/IQ2_20250520_15_00_00/vexiq2/libviq2rt.a(vex_device.cpp.o)
                0x000000002001367c                vex::device::installed()
 .text._ZN3vex11motor_group18motor_group_motorsC2Ev
                0x000000002001368a       0x18 /home/kinganseam/.config/Code/User/globalStorage/vexrobotics.vexcode/sdk/cpp/IQ2/IQ2_20250520_15_00_00/vexiq2/libviq2rt.a(vex_motorgroup.cpp.o)
                0x000000002001368a                vex::motor_group::motor_group_motors::motor_group_motors()
                0x000000002001368a                vex::motor_group::motor_group_motors::motor_group_motors()
 .text._ZN3vex11motor_groupC2Ev
                0x00000000200136a2       0x14 /home/kinganseam/.config/Code/User/globalStorage/vexrobotics.vexcode/sdk/cpp/IQ2/IQ2_20250520_15_00_00/vexiq2/libviq2rt.a(vex_motorgroup.cpp.o)
                0x00000000200136a2                vex::motor_group::motor_group()
                0x00000000200136a2                vex::motor_group::motor_group()
 .text._ZN3vex11motor_groupD2Ev
                0x00000000200136b6        0x2 /home/kinganseam/.config/Code/User/globalStorage/vexrobotics.vexcode/sdk/cpp/IQ2/IQ2_20250520_15_00_00/vexiq2/libviq2rt.a(vex_motorgroup.cpp.o)
                0x00000000200136b6                vex::motor_group::~motor_group()
                0x00000000200136b6                vex::motor_group::~motor_group()
 .text._ZN3vex11motor_group9_addMotorEv
                0x00000000200136b8        0x2 /home/kinganseam/.config/Code/User/globalStorage/vexrobotics.vexcode/sdk/cpp/IQ2/IQ2_20250520_15_00_00/vexiq2/libviq2rt.a(vex_motorgroup.cpp.o)
                0x00000000200136b8                vex::motor_group::_addMotor()
 .text._ZN3vex11motor_group9_addMotorERNS_5motorE
                0x00000000200136ba       0x14 /home/kinganseam/.config/Code/User/globalStorage/vexrobotics.vexcode/sdk/cpp/IQ2/IQ2_20250520_15_00_00/vexiq2/libviq2rt.a(vex_motorgroup.cpp.o)
                0x00000000200136ba                vex::motor_group::_addMotor(vex::motor&)
 .text._ZN3vex11motor_group11setVelocityEdNS_13velocityUnitsE
                0x00000000200136ce       0x3a /home/kinganseam/.config/Code/User/globalStorage/vexrobotics.vexcode/sdk/cpp/IQ2/IQ2_20250520_15_00_00/vexiq2/libviq2rt.a(vex_motorgroup.cpp.o)
                0x00000000200136ce                vex::motor_group::setVelocity(double, vex::velocityUnits)
 .text._ZN3vex11motor_group4spinENS_13directionTypeEdNS_13velocityUnitsE
                0x0000000020013708       0x3e /home/kinganseam/.config/Code/User/globalStorage/vexrobotics.vexcode/sdk/cpp/IQ2/IQ2_20250520_15_00_00/vexiq2/libviq2rt.a(vex_motorgroup.cpp.o)
                0x0000000020013708                vex::motor_group::spin(vex::directionType, double, vex::velocityUnits)
 .text._ZN3vex11motor_group10isSpinningEv
                0x0000000020013746       0x26 /home/kinganseam/.config/Code/User/globalStorage/vexrobotics.vexcode/sdk/cpp/IQ2/IQ2_20250520_15_00_00/vexiq2/libviq2rt.a(vex_motorgroup.cpp.o)
                0x0000000020013746                vex::motor_group::isSpinning()
 .text._ZN3vex11motor_group6isDoneEv
                0x000000002001376c        0xe /home/kinganseam/.config/Code/User/globalStorage/vexrobotics.vexcode/sdk/cpp/IQ2/IQ2_20250520_15_00_00/vexiq2/libviq2rt.a(vex_motorgroup.cpp.o)
                0x000000002001376c                vex::motor_group::isDone()
 .text._ZN3vex11motor_group14isSpinningModeEv
                0x000000002001377a       0x26 /home/kinganseam/.config/Code/User/globalStorage/vexrobotics.vexcode/sdk/cpp/IQ2/IQ2_20250520_15_00_00/vexiq2/libviq2rt.a(vex_motorgroup.cpp.o)
                0x000000002001377a                vex::motor_group::isSpinningMode()
 .text._ZN3vex11motor_group4stopEv
                0x00000000200137a0       0x1e /home/kinganseam/.config/Code/User/globalStorage/vexrobotics.vexcode/sdk/cpp/IQ2/IQ2_20250520_15_00_00/vexiq2/libviq2rt.a(vex_motorgroup.cpp.o)
                0x00000000200137a0                vex::motor_group::stop()
 .text._ZN3vex11motor_group20waitForCompletionAllEv
                0x00000000200137be       0x36 /home/kinganseam/.config/Code/User/globalStorage/vexrobotics.vexcode/sdk/cpp/IQ2/IQ2_20250520_15_00_00/vexiq2/libviq2rt.a(vex_motorgroup.cpp.o)
                0x00000000200137be                vex::motor_group::waitForCompletionAll()
 .text._ZN3vex11motor_group7spinForENS_13directionTypeEdNS_13rotationUnitsEdNS_13velocityUnitsEb
                0x00000000200137f4       0x78 /home/kinganseam/.config/Code/User/globalStorage/vexrobotics.vexcode/sdk/cpp/IQ2/IQ2_20250520_15_00_00/vexiq2/libviq2rt.a(vex_motorgroup.cpp.o)
                0x00000000200137f4                vex::motor_group::spinFor(vex::directionType, double, vex::rotationUnits, double, vex::velocityUnits, bool)
 .text._ZN3vex11motor_group7spinForENS_13directionTypeEdNS_13rotationUnitsEb
                0x000000002001386c       0x5a /home/kinganseam/.config/Code/User/globalStorage/vexrobotics.vexcode/sdk/cpp/IQ2/IQ2_20250520_15_00_00/vexiq2/libviq2rt.a(vex_motorgroup.cpp.o)
                0x000000002001386c                vex::motor_group::spinFor(vex::directionType, double, vex::rotationUnits, bool)
 .text.__aeabi_atexit
                0x00000000200138c6        0xa /home/kinganseam/.config/Code/User/globalStorage/vexrobotics.vexcode/sdk/cpp/IQ2/IQ2_20250520_15_00_00/vexiq2/gcc/libs/libc_nano.a(lib_a-aeabi_atexit.o)
                0x00000000200138c6                __aeabi_atexit
 .text.__libc_init_array
                0x00000000200138d0       0x48 /home/kinganseam/.config/Code/User/globalStorage/vexrobotics.vexcode/sdk/cpp/IQ2/IQ2_20250520_15_00_00/vexiq2/gcc/libs/libc_nano.a(lib_a-init.o)
                0x00000000200138d0                __libc_init_array
 .text._free_r  0x0000000020013918       0x9c /home/kinganseam/.config/Code/User/globalStorage/vexrobotics.vexcode/sdk/cpp/IQ2/IQ2_20250520_15_00_00/vexiq2/gcc/libs/libc_nano.a(lib_a-nano-freer.o)
                0x0000000020013918                _free_r
 .text.__malloc_lock
                0x00000000200139b4        0x2 /home/kinganseam/.config/Code/User/globalStorage/vexrobotics.vexcode/sdk/cpp/IQ2/IQ2_20250520_15_00_00/vexiq2/gcc/libs/libc_nano.a(lib_a-mlock.o)
                0x00000000200139b4                __malloc_lock
 .text.__malloc_unlock
                0x00000000200139b6        0x2 /home/kinganseam/.config/Code/User/globalStorage/vexrobotics.vexcode/sdk/cpp/IQ2/IQ2_20250520_15_00_00/vexiq2/gcc/libs/libc_nano.a(lib_a-mlock.o)
                0x00000000200139b6                __malloc_unlock
 .text._ZdlPv   0x00000000200139b8        0x4 /home/kinganseam/.config/Code/User/globalStorage/vexrobotics.vexcode/sdk/cpp/IQ2/IQ2_20250520_15_00_00/vexiq2/gcc/libs/libstdc++_nano.a(del_op.o)
                0x00000000200139b8                operator delete(void*)
 .text.fmod     0x00000000200139bc       0xd0 /home/kinganseam/.config/Code/User/globalStorage/vexrobotics.vexcode/sdk/cpp/IQ2/IQ2_20250520_15_00_00/vexiq2/gcc/libs/libm.a(lib_a-w_fmod.o)
                0x00000000200139bc                fmod
 *fill*         0x0000000020013a8c        0x4 
 .text.pow      0x0000000020013a90      0x338 /home/kinganseam/.config/Code/User/globalStorage/vexrobotics.vexcode/sdk/cpp/IQ2/IQ2_20250520_15_00_00/vexiq2/gcc/libs/libm.a(lib_a-w_pow.o)
                0x0000000020013a90                pow
 .text.sqrt     0x0000000020013dc8       0xb8 /home/kinganseam/.config/Code/User/globalStorage/vexrobotics.vexcode/sdk/cpp/IQ2/IQ2_20250520_15_00_00/vexiq2/gcc/libs/libm.a(lib_a-w_sqrt.o)
                0x0000000020013dc8                sqrt
 .text.__ieee754_fmod
                0x0000000020013e80      0x248 /home/kinganseam/.config/Code/User/globalStorage/vexrobotics.vexcode/sdk/cpp/IQ2/IQ2_20250520_15_00_00/vexiq2/gcc/libs/libm.a(lib_a-e_fmod.o)
                0x0000000020013e80                __ieee754_fmod
 .text.__ieee754_pow
                0x00000000200140c8      0xab8 /home/kinganseam/.config/Code/User/globalStorage/vexrobotics.vexcode/sdk/cpp/IQ2/IQ2_20250520_15_00_00/vexiq2/gcc/libs/libm.a(lib_a-e_pow.o)
                0x00000000200140c8                __ieee754_pow
 .text.__ieee754_sqrt
                0x0000000020014b80      0x194 /home/kinganseam/.config/Code/User/globalStorage/vexrobotics.vexcode/sdk/cpp/IQ2/IQ2_20250520_15_00_00/vexiq2/gcc/libs/libm.a(lib_a-e_sqrt.o)
                0x0000000020014b80                __ieee754_sqrt
 .text.fabs     0x0000000020014d14       0x14 /home/kinganseam/.config/Code/User/globalStorage/vexrobotics.vexcode/sdk/cpp/IQ2/IQ2_20250520_15_00_00/vexiq2/gcc/libs/libm.a(lib_a-s_fabs.o)
                0x0000000020014d14                fabs
 .text.finite   0x0000000020014d28       0x10 /home/kinganseam/.config/Code/User/globalStorage/vexrobotics.vexcode/sdk/cpp/IQ2/IQ2_20250520_15_00_00/vexiq2/gcc/libs/libm.a(lib_a-s_finite.o)
                0x0000000020014d28                finite
 .text.matherr  0x0000000020014d38        0x4 /home/kinganseam/.config/Code/User/globalStorage/vexrobotics.vexcode/sdk/cpp/IQ2/IQ2_20250520_15_00_00/vexiq2/gcc/libs/libm.a(lib_a-s_matherr.o)
                0x0000000020014d38                matherr
 *fill*         0x0000000020014d3c        0x4 
 .text.nan      0x0000000020014d40       0x10 /home/kinganseam/.config/Code/User/globalStorage/vexrobotics.vexcode/sdk/cpp/IQ2/IQ2_20250520_15_00_00/vexiq2/gcc/libs/libm.a(lib_a-s_nan.o)
                0x0000000020014d40                nan
 .text.rint     0x0000000020014d50      0x110 /home/kinganseam/.config/Code/User/globalStorage/vexrobotics.vexcode/sdk/cpp/IQ2/IQ2_20250520_15_00_00/vexiq2/gcc/libs/libm.a(lib_a-s_rint.o)
                0x0000000020014d50                rint
 .text.scalbn   0x0000000020014e60      0x114 /home/kinganseam/.config/Code/User/globalStorage/vexrobotics.vexcode/sdk/cpp/IQ2/IQ2_20250520_15_00_00/vexiq2/gcc/libs/libm.a(lib_a-s_scalbn.o)
                0x0000000020014e60                scalbn
 .text.copysign
                0x0000000020014f74       0x1c /home/kinganseam/.config/Code/User/globalStorage/vexrobotics.vexcode/sdk/cpp/IQ2/IQ2_20250520_15_00_00/vexiq2/gcc/libs/libm.a(lib_a-s_copysign.o)
                0x0000000020014f74                copysign
 .text.__errno  0x0000000020014f90        0xc /home/kinganseam/.config/Code/User/globalStorage/vexrobotics.vexcode/sdk/cpp/IQ2/IQ2_20250520_15_00_00/vexiq2/libviq2rt.a(iq2_fstubs.c.o)
                0x0000000020014f90                __errno
 .text.free     0x0000000020014f9c       0x10 /home/kinganseam/.config/Code/User/globalStorage/vexrobotics.vexcode/sdk/cpp/IQ2/IQ2_20250520_15_00_00/vexiq2/gcc/libs/libc_nano.a(lib_a-malloc.o)
                0x0000000020014f9c                free
 *(.gnu.linkonce.t.*)
 *(.plt)
 *(.gnu_warning)
 *(.gcc_except_table)
 *(.glue_7)
 .glue_7        0x0000000020014fac        0x0 linker stubs
 *(.glue_7t)
 .glue_7t       0x0000000020014fac        0x0 linker stubs
 *(.vfp11_veneer)
 .vfp11_veneer  0x0000000020014fac        0x0 linker stubs
 *(.ARM.extab)
 *(.gnu.linkonce.armextab.*)

.v4_bx          0x0000000020014fac        0x0
 .v4_bx         0x0000000020014fac        0x0 linker stubs

.iplt           0x0000000020014fac        0x0
 .iplt          0x0000000020014fac        0x0 build/src/navigation.o

.init
 *(.init)

.fini
 *(.fini)

.rodata         0x0000000020014fb0      0x330
                0x0000000020014fb0                __rodata_start = .
 *(.rodata)
 *(.rodata.*)
 .rodata.str1.1
                0x0000000020014fb0       0xce build/src/main.o
                                         0xd1 (size before relaxing)
 .rodata.str1.1
                0x000000002001507e       0x22 /home/kinganseam/.config/Code/User/globalStorage/vexrobotics.vexcode/sdk/cpp/IQ2/IQ2_20250520_15_00_00/vexiq2/libviq2rt.a(iq2_startup.c.o)
 .rodata._ZN3vex6purpleE
                0x00000000200150a0        0x4 /home/kinganseam/.config/Code/User/globalStorage/vexrobotics.vexcode/sdk/cpp/IQ2/IQ2_20250520_15_00_00/vexiq2/libviq2rt.a(vex_global.cpp.o)
                0x00000000200150a0                vex::purple
 .rodata._ZN3vex6yellowE
                0x00000000200150a4        0x4 /home/kinganseam/.config/Code/User/globalStorage/vexrobotics.vexcode/sdk/cpp/IQ2/IQ2_20250520_15_00_00/vexiq2/libviq2rt.a(vex_global.cpp.o)
                0x00000000200150a4                vex::yellow
 .rodata._ZN3vex5PORT1E
                0x00000000200150a8        0x4 /home/kinganseam/.config/Code/User/globalStorage/vexrobotics.vexcode/sdk/cpp/IQ2/IQ2_20250520_15_00_00/vexiq2/libviq2rt.a(vex_global.cpp.o)
                0x00000000200150a8                vex::PORT1
 .rodata._ZN3vex6PORT10E
                0x00000000200150ac        0x4 /home/kinganseam/.config/Code/User/globalStorage/vexrobotics.vexcode/sdk/cpp/IQ2/IQ2_20250520_15_00_00/vexiq2/libviq2rt.a(vex_global.cpp.o)
                0x00000000200150ac                vex::PORT10
 .rodata._ZN3vex5PORT5E
                0x00000000200150b0        0x4 /home/kinganseam/.config/Code/User/globalStorage/vexrobotics.vexcode/sdk/cpp/IQ2/IQ2_20250520_15_00_00/vexiq2/libviq2rt.a(vex_global.cpp.o)
                0x00000000200150b0                vex::PORT5
 .rodata._ZN3vex7forwardE
                0x00000000200150b4        0x4 /home/kinganseam/.config/Code/User/globalStorage/vexrobotics.vexcode/sdk/cpp/IQ2/IQ2_20250520_15_00_00/vexiq2/libviq2rt.a(vex_global.cpp.o)
                0x00000000200150b4                vex::forward
 .rodata._ZN3vex5whiteE
                0x00000000200150b8        0x4 /home/kinganseam/.config/Code/User/globalStorage/vexrobotics.vexcode/sdk/cpp/IQ2/IQ2_20250520_15_00_00/vexiq2/libviq2rt.a(vex_global.cpp.o)
                0x00000000200150b8                vex::white
 .rodata._ZN3vex3redE
                0x00000000200150bc        0x4 /home/kinganseam/.config/Code/User/globalStorage/vexrobotics.vexcode/sdk/cpp/IQ2/IQ2_20250520_15_00_00/vexiq2/libviq2rt.a(vex_global.cpp.o)
                0x00000000200150bc                vex::red
 .rodata._ZN3vex5blackE
                0x00000000200150c0        0x4 /home/kinganseam/.config/Code/User/globalStorage/vexrobotics.vexcode/sdk/cpp/IQ2/IQ2_20250520_15_00_00/vexiq2/libviq2rt.a(vex_global.cpp.o)
                0x00000000200150c0                vex::black
 .rodata._ZN3vex4msecE
                0x00000000200150c4        0x4 /home/kinganseam/.config/Code/User/globalStorage/vexrobotics.vexcode/sdk/cpp/IQ2/IQ2_20250520_15_00_00/vexiq2/libviq2rt.a(vex_global.cpp.o)
                0x00000000200150c4                vex::msec
 .rodata._ZN3vex4blueE
                0x00000000200150c8        0x4 /home/kinganseam/.config/Code/User/globalStorage/vexrobotics.vexcode/sdk/cpp/IQ2/IQ2_20250520_15_00_00/vexiq2/libviq2rt.a(vex_global.cpp.o)
                0x00000000200150c8                vex::blue
 .rodata._ZN3vex6PORT11E
                0x00000000200150cc        0x4 /home/kinganseam/.config/Code/User/globalStorage/vexrobotics.vexcode/sdk/cpp/IQ2/IQ2_20250520_15_00_00/vexiq2/libviq2rt.a(vex_global.cpp.o)
                0x00000000200150cc                vex::PORT11
 .rodata._ZN3vex5PORT6E
                0x00000000200150d0        0x4 /home/kinganseam/.config/Code/User/globalStorage/vexrobotics.vexcode/sdk/cpp/IQ2/IQ2_20250520_15_00_00/vexiq2/libviq2rt.a(vex_global.cpp.o)
                0x00000000200150d0                vex::PORT6
 .rodata._ZN3vex5greenE
                0x00000000200150d4        0x4 /home/kinganseam/.config/Code/User/globalStorage/vexrobotics.vexcode/sdk/cpp/IQ2/IQ2_20250520_15_00_00/vexiq2/libviq2rt.a(vex_global.cpp.o)
                0x00000000200150d4                vex::green
 .rodata._ZN3vex10blue_greenE
                0x00000000200150d8        0x4 /home/kinganseam/.config/Code/User/globalStorage/vexrobotics.vexcode/sdk/cpp/IQ2/IQ2_20250520_15_00_00/vexiq2/libviq2rt.a(vex_global.cpp.o)
                0x00000000200150d8                vex::blue_green
 .rodata._ZN3vex6PORT12E
                0x00000000200150dc        0x4 /home/kinganseam/.config/Code/User/globalStorage/vexrobotics.vexcode/sdk/cpp/IQ2/IQ2_20250520_15_00_00/vexiq2/libviq2rt.a(vex_global.cpp.o)
                0x00000000200150dc                vex::PORT12
 .rodata._ZN3vex2mmE
                0x00000000200150e0        0x4 /home/kinganseam/.config/Code/User/globalStorage/vexrobotics.vexcode/sdk/cpp/IQ2/IQ2_20250520_15_00_00/vexiq2/libviq2rt.a(vex_global.cpp.o)
                0x00000000200150e0                vex::mm
 .rodata._ZN3vex5rightE
                0x00000000200150e4        0x4 /home/kinganseam/.config/Code/User/globalStorage/vexrobotics.vexcode/sdk/cpp/IQ2/IQ2_20250520_15_00_00/vexiq2/libviq2rt.a(vex_global.cpp.o)
                0x00000000200150e4                vex::right
 .rodata.str1.1
                0x00000000200150e8       0x20 /home/kinganseam/.config/Code/User/globalStorage/vexrobotics.vexcode/sdk/cpp/IQ2/IQ2_20250520_15_00_00/vexiq2/libviq2rt.a(vex_brain.cpp.o)
 .rodata._ZTVN3vex6bumperE
                0x0000000020015108       0x10 /home/kinganseam/.config/Code/User/globalStorage/vexrobotics.vexcode/sdk/cpp/IQ2/IQ2_20250520_15_00_00/vexiq2/libviq2rt.a(vex_bumper.cpp.o)
                0x0000000020015108                vtable for vex::bumper
 .rodata._ZTVN3vex5motorE
                0x0000000020015118       0x10 /home/kinganseam/.config/Code/User/globalStorage/vexrobotics.vexcode/sdk/cpp/IQ2/IQ2_20250520_15_00_00/vexiq2/libviq2rt.a(vex_motor.cpp.o)
                0x0000000020015118                vtable for vex::motor
 .rodata._ZTVN3vex8touchledE
                0x0000000020015128       0x10 /home/kinganseam/.config/Code/User/globalStorage/vexrobotics.vexcode/sdk/cpp/IQ2/IQ2_20250520_15_00_00/vexiq2/libviq2rt.a(vex_touchled.cpp.o)
                0x0000000020015128                vtable for vex::touchled
 .rodata._ZTVN3vex8inertialE
                0x0000000020015138       0x68 /home/kinganseam/.config/Code/User/globalStorage/vexrobotics.vexcode/sdk/cpp/IQ2/IQ2_20250520_15_00_00/vexiq2/libviq2rt.a(vex_imu.cpp.o)
                0x0000000020015138                vtable for vex::inertial
 .rodata._ZTVN3vex8distanceE
                0x00000000200151a0       0x10 /home/kinganseam/.config/Code/User/globalStorage/vexrobotics.vexcode/sdk/cpp/IQ2/IQ2_20250520_15_00_00/vexiq2/libviq2rt.a(vex_distance.cpp.o)
                0x00000000200151a0                vtable for vex::distance
 .rodata._ZTVN3vex7opticalE
                0x00000000200151b0       0x10 /home/kinganseam/.config/Code/User/globalStorage/vexrobotics.vexcode/sdk/cpp/IQ2/IQ2_20250520_15_00_00/vexiq2/libviq2rt.a(vex_optical.cpp.o)
                0x00000000200151b0                vtable for vex::optical
 .rodata._ZTVN3vex10drivetrainE
                0x00000000200151c0       0x34 /home/kinganseam/.config/Code/User/globalStorage/vexrobotics.vexcode/sdk/cpp/IQ2/IQ2_20250520_15_00_00/vexiq2/libviq2rt.a(vex_drivetrain.cpp.o)
                0x00000000200151c0                vtable for vex::drivetrain
 .rodata.str1.1
                0x00000000200151f4        0xa /home/kinganseam/.config/Code/User/globalStorage/vexrobotics.vexcode/sdk/cpp/IQ2/IQ2_20250520_15_00_00/vexiq2/libviq2rt.a(vex_smartdrive.cpp.o)
 *fill*         0x00000000200151fe        0x2 
 .rodata._ZTVN3vex10smartdriveE
                0x0000000020015200       0x34 /home/kinganseam/.config/Code/User/globalStorage/vexrobotics.vexcode/sdk/cpp/IQ2/IQ2_20250520_15_00_00/vexiq2/libviq2rt.a(vex_smartdrive.cpp.o)
                0x0000000020015200                vtable for vex::smartdrive
 *fill*         0x0000000020015234        0x4 
 .rodata._ZTVN3vex6deviceE
                0x0000000020015238       0x10 /home/kinganseam/.config/Code/User/globalStorage/vexrobotics.vexcode/sdk/cpp/IQ2/IQ2_20250520_15_00_00/vexiq2/libviq2rt.a(vex_device.cpp.o)
                0x0000000020015238                vtable for vex::device
 .rodata.__sf_fake_stderr
                0x0000000020015248       0x20 /home/kinganseam/.config/Code/User/globalStorage/vexrobotics.vexcode/sdk/cpp/IQ2/IQ2_20250520_15_00_00/vexiq2/gcc/libs/libc_nano.a(lib_a-findfp.o)
                0x0000000020015248                __sf_fake_stderr
 .rodata.__sf_fake_stdin
                0x0000000020015268       0x20 /home/kinganseam/.config/Code/User/globalStorage/vexrobotics.vexcode/sdk/cpp/IQ2/IQ2_20250520_15_00_00/vexiq2/gcc/libs/libc_nano.a(lib_a-findfp.o)
                0x0000000020015268                __sf_fake_stdin
 .rodata.__sf_fake_stdout
                0x0000000020015288       0x20 /home/kinganseam/.config/Code/User/globalStorage/vexrobotics.vexcode/sdk/cpp/IQ2/IQ2_20250520_15_00_00/vexiq2/gcc/libs/libc_nano.a(lib_a-findfp.o)
                0x0000000020015288                __sf_fake_stdout
 .rodata.fmod.str1.4
                0x00000000200152a8        0x5 /home/kinganseam/.config/Code/User/globalStorage/vexrobotics.vexcode/sdk/cpp/IQ2/IQ2_20250520_15_00_00/vexiq2/gcc/libs/libm.a(lib_a-w_fmod.o)
 *fill*         0x00000000200152ad        0x3 
 .rodata.pow.str1.4
                0x00000000200152b0        0x4 /home/kinganseam/.config/Code/User/globalStorage/vexrobotics.vexcode/sdk/cpp/IQ2/IQ2_20250520_15_00_00/vexiq2/gcc/libs/libm.a(lib_a-w_pow.o)
 .rodata.sqrt.str1.4
                0x00000000200152b4        0x5 /home/kinganseam/.config/Code/User/globalStorage/vexrobotics.vexcode/sdk/cpp/IQ2/IQ2_20250520_15_00_00/vexiq2/gcc/libs/libm.a(lib_a-w_sqrt.o)
 *fill*         0x00000000200152b9        0x7 
 .rodata.Zero   0x00000000200152c0       0x10 /home/kinganseam/.config/Code/User/globalStorage/vexrobotics.vexcode/sdk/cpp/IQ2/IQ2_20250520_15_00_00/vexiq2/gcc/libs/libm.a(lib_a-e_fmod.o)
 .rodata.__ieee754_pow.str1.4
                0x00000000200152d0        0x8 /home/kinganseam/.config/Code/User/globalStorage/vexrobotics.vexcode/sdk/cpp/IQ2/IQ2_20250520_15_00_00/vexiq2/gcc/libs/libm.a(lib_a-e_pow.o)
                                          0x1 (size before relaxing)
 .rodata.TWO52  0x00000000200152d0       0x10 /home/kinganseam/.config/Code/User/globalStorage/vexrobotics.vexcode/sdk/cpp/IQ2/IQ2_20250520_15_00_00/vexiq2/gcc/libs/libm.a(lib_a-s_rint.o)
 *(.gnu.linkonce.r.*)
                0x00000000200152e0                __rodata_end = .

.rodata1        0x00000000200152e0        0x0
                0x00000000200152e0                __rodata1_start = .
 *(.rodata1)
 *(.rodata1.*)
                0x00000000200152e0                __rodata1_end = .

.sdata2         0x00000000200152e0        0x0
                0x00000000200152e0                __sdata2_start = .
 *(.sdata2)
 *(.sdata2.*)
 *(.gnu.linkonce.s2.*)
                0x00000000200152e0                __sdata2_end = .

.sbss2          0x00000000200152e0        0x0
                0x00000000200152e0                __sbss2_start = .
 *(.sbss2)
 *(.sbss2.*)
 *(.gnu.linkonce.sb2.*)
                0x00000000200152e0                __sbss2_end = .

.data           0x00000000200152e0       0x71
                0x00000000200152e0                __data_start = .
                0x00000000200152e0                __data_load = .
 *(.data)
 *(.data.*)
 .data._ZL6gState
                0x00000000200152e0        0x1 build/src/main.o
 *fill*         0x00000000200152e1        0x3 
 .data.__yoff   0x00000000200152e4        0x4 /home/kinganseam/.config/Code/User/globalStorage/vexrobotics.vexcode/sdk/cpp/IQ2/IQ2_20250520_15_00_00/vexiq2/libviq2rt.a(iq2_apijump.c.o)
 .data._ZN3vex24__default_motor_velocityE
                0x00000000200152e8        0x4 /home/kinganseam/.config/Code/User/globalStorage/vexrobotics.vexcode/sdk/cpp/IQ2/IQ2_20250520_15_00_00/vexiq2/libviq2rt.a(vex_motor.cpp.o)
                0x00000000200152e8                vex::__default_motor_velocity
 .data._impure_ptr
                0x00000000200152ec        0x4 /home/kinganseam/.config/Code/User/globalStorage/vexrobotics.vexcode/sdk/cpp/IQ2/IQ2_20250520_15_00_00/vexiq2/gcc/libs/libc_nano.a(lib_a-impure.o)
                0x00000000200152ec                _impure_ptr
 .data.impure_data
                0x00000000200152f0       0x60 /home/kinganseam/.config/Code/User/globalStorage/vexrobotics.vexcode/sdk/cpp/IQ2/IQ2_20250520_15_00_00/vexiq2/gcc/libs/libc_nano.a(lib_a-impure.o)
 .data.__fdlib_version
                0x0000000020015350        0x1 /home/kinganseam/.config/Code/User/globalStorage/vexrobotics.vexcode/sdk/cpp/IQ2/IQ2_20250520_15_00_00/vexiq2/gcc/libs/libm.a(lib_a-s_lib_ver.o)
                0x0000000020015350                __fdlib_version
 *(.gnu.linkonce.d.*)
 *(.jcr)
 *(.got)
 *(.got.plt)
                0x0000000020015351                __data_end = .

.igot.plt       0x0000000020015354        0x0
 .igot.plt      0x0000000020015354        0x0 build/src/navigation.o

.data1          0x0000000020015351        0x0
                0x0000000020015351                __data1_start = .
                0x0000000020015351                __data1_load = .
 *(.data1)
 *(.data1.*)
                0x0000000020015351                __data1_end = .

.got
 *(.got)

.ctors          0x0000000020015351        0x0
                0x0000000020015351                __CTOR_LIST__ = .
                0x0000000020015351                ___CTORS_LIST___ = .
 *crtbegin.o(.ctors)
 *(EXCLUDE_FILE(*crtend.o) .ctors)
 *(SORT_BY_NAME(.ctors.*))
 *(.ctors)
                0x0000000020015351                __CTOR_END__ = .
                0x0000000020015351                ___CTORS_END___ = .

.dtors          0x0000000020015351        0x0
                0x0000000020015351                __DTOR_LIST__ = .
                0x0000000020015351                ___DTORS_LIST___ = .
 *crtbegin.o(.dtors)
 *(EXCLUDE_FILE(*crtend.o) .dtors)
 *(SORT_BY_NAME(.dtors.*))
 *(.dtors)
                0x0000000020015351                __DTOR_END__ = .
                0x0000000020015351                ___DTORS_END___ = .

.fixup          0x0000000020015351        0x0
                0x0000000020015351                __fixup_start = .
 *(.fixup)
                0x0000000020015351                __fixup_end = .

.eh_frame
 *(.eh_frame)

.eh_framehdr    0x0000000020015351        0x0
                0x0000000020015351                __eh_framehdr_start = .
 *(.eh_framehdr)
                0x0000000020015351                __eh_framehdr_end = .

.gcc_except_table
 *(.gcc_except_table)

.mmu_tbl        0x0000000020018000        0x0